Archive member included to satisfy reference by file (symbol)

C:/devkitPro/libctru/lib\libctru.a(console.o)
                              main.o (consoleInit)
C:/devkitPro/libctru/lib\libctru.a(gfx.o)
                              C:/devkitPro/libctru/lib\libctru.a(console.o) (gfxIsWide)
C:/devkitPro/libctru/lib\libctru.a(gspgpu.o)
                              C:/devkitPro/libctru/lib\libctru.a(gfx.o) (gspInit)
C:/devkitPro/libctru/lib\libctru.a(mcuhwc.o)
                              main.o (mcuHwcInit)
C:/devkitPro/libctru/lib\libctru.a(apt.o)
                              main.o (aptMainLoop)
C:/devkitPro/libctru/lib\libctru.a(hid.o)
                              main.o (hidScanInput)
C:/devkitPro/libctru/lib\libctru.a(ctru_init.o)
                              C:/devkitPro/libctru/lib\libctru.a(apt.o) (__system_retAddr)
C:/devkitPro/libctru/lib\libctru.a(initArgv.o)
                              C:/devkitPro/libctru/lib\libctru.a(ctru_init.o) (__system_initArgv)
C:/devkitPro/libctru/lib\libctru.a(svc.o)
                              C:/devkitPro/libctru/lib\libctru.a(apt.o) (svcSleepThread)
C:/devkitPro/libctru/lib\libctru.a(stack_adjust.o)
                              c:/devkitpro/devkitarm/bin/../lib/gcc/arm-none-eabi/10.2.0/../../../../arm-none-eabi/lib/armv6k/fpu/3dsx_crt0.o (initSystem)
C:/devkitPro/libctru/lib\libctru.a(default_font.bin.o)
                              C:/devkitPro/libctru/lib\libctru.a(console.o) (default_font_bin)
C:/devkitPro/libctru/lib\libctru.a(vram.o)
                              C:/devkitPro/libctru/lib\libctru.a(gfx.o) (vramAlloc)
C:/devkitPro/libctru/lib\libctru.a(linear.o)
                              C:/devkitPro/libctru/lib\libctru.a(gfx.o) (linearAlloc)
C:/devkitPro/libctru/lib\libctru.a(mem_pool.o)
                              C:/devkitPro/libctru/lib\libctru.a(vram.o) (MemPool::Allocate(MemChunk&, unsigned long, int))
C:/devkitPro/libctru/lib\libctru.a(synchronization.o)
                              C:/devkitPro/libctru/lib\libctru.a(ctru_init.o) (__sync_init)
C:/devkitPro/libctru/lib\libctru.a(os.o)
                              C:/devkitPro/libctru/lib\libctru.a(apt.o) (__ctru_speedup_config)
C:/devkitPro/libctru/lib\libctru.a(srv.o)
                              C:/devkitPro/libctru/lib\libctru.a(apt.o) (srvInit)
C:/devkitPro/libctru/lib\libctru.a(thread.o)
                              C:/devkitPro/libctru/lib\libctru.a(gspgpu.o) (threadCreate)
C:/devkitPro/libctru/lib\libctru.a(mappable.o)
                              C:/devkitPro/libctru/lib\libctru.a(gspgpu.o) (mappableAlloc)
C:/devkitPro/libctru/lib\libctru.a(irrst.o)
                              C:/devkitPro/libctru/lib\libctru.a(hid.o) (irrstInit)
C:/devkitPro/libctru/lib\libctru.a(srvpm.o)
                              C:/devkitPro/libctru/lib\libctru.a(srv.o) (srvPmGetSessionHandle)
C:/devkitPro/libctru/lib\libctru.a(ptmsysm.o)
                              C:/devkitPro/libctru/lib\libctru.a(os.o) (ptmSysmInit)
C:/devkitPro/libctru/lib\libctru.a(rbtree_init.o)
                              C:/devkitPro/libctru/lib\libctru.a(vram.o) (rbtree_init)
C:/devkitPro/libctru/lib\libctru.a(rbtree_insert.o)
                              C:/devkitPro/libctru/lib\libctru.a(vram.o) (rbtree_insert)
C:/devkitPro/libctru/lib\libctru.a(rbtree_rotate.o)
                              C:/devkitPro/libctru/lib\libctru.a(rbtree_insert.o) (rbtree_rotate)
C:/devkitPro/libctru/lib\libctru.a(rbtree_remove.o)
                              C:/devkitPro/libctru/lib\libctru.a(vram.o) (rbtree_remove)
C:/devkitPro/libctru/lib\libctru.a(rbtree_find.o)
                              C:/devkitPro/libctru/lib\libctru.a(vram.o) (rbtree_find)
C:/devkitPro/libctru/lib\libctru.a(appInit.o)
                              C:/devkitPro/libctru/lib\libctru.a(stack_adjust.o) (__appInit)
C:/devkitPro/libctru/lib\libctru.a(syscalls.o)
                              C:/devkitPro/libctru/lib\libctru.a(ctru_init.o) (__system_initSyscalls)
C:/devkitPro/libctru/lib\libctru.a(allocateHeaps.o)
                              C:/devkitPro/libctru/lib\libctru.a(ctru_init.o) (__system_allocateHeaps)
C:/devkitPro/libctru/lib\libctru.a(appExit.o)
                              C:/devkitPro/libctru/lib\libctru.a(stack_adjust.o) (__appExit)
C:/devkitPro/libctru/lib\libctru.a(ctru_exit.o)
                              C:/devkitPro/libctru/lib\libctru.a(stack_adjust.o) (__libctru_exit)
C:/devkitPro/libctru/lib\libctru.a(env.o)
                              C:/devkitPro/libctru/lib\libctru.a(srv.o) (envGetHandle)
C:/devkitPro/libctru/lib\libctru.a(archive_dev.o)
                              C:/devkitPro/libctru/lib\libctru.a(appInit.o) (archiveMountSdmc)
C:/devkitPro/libctru/lib\libctru.a(fs.o)
                              C:/devkitPro/libctru/lib\libctru.a(appInit.o) (fsInit)
C:/devkitPro/libctru/lib\libctru.a(rbtree_iterator.o)
                              C:/devkitPro/libctru/lib\libctru.a(rbtree_remove.o) (rbtree_node_next)
[...]
Memory Configuration

Name             Origin             Length             Attributes
*default*        0x0000000000000000 0xffffffffffffffff

Linker script and memory map

                0x0000000000100000                PROVIDE (__start__ = 0x100000)
                0x0000000000100000                . = __start__

.text           0x0000000000100000    0x2187c
 *(.crt0)
 .crt0          0x0000000000100000       0x94 c:/devkitpro/devkitarm/bin/../lib/gcc/arm-none-eabi/10.2.0/../../../../arm-none-eabi/lib/armv6k/fpu/3dsx_crt0.o
                0x0000000000100000                _start
                0x0000000000100008                __service_ptr
                0x000000000010000c                __apt_appid
                0x0000000000100010                __heap_size
                0x0000000000100014                __linear_heap_size
                0x0000000000100018                __system_arglist
                0x000000000010001c                __system_runflags
 *(.init)
 .init          0x0000000000100094        0xc c:/devkitpro/devkitarm/bin/../lib/gcc/arm-none-eabi/10.2.0/armv6k/fpu/crti.o
                0x0000000000100094                _init
 .init          0x00000000001000a0        0xc c:/devkitpro/devkitarm/bin/../lib/gcc/arm-none-eabi/10.2.0/armv6k/fpu/crtn.o
                0x00000000001000ac                . = ALIGN (0x4)
 *(.text)
 .text          0x00000000001000ac      0x240 c:/devkitpro/devkitarm/bin/../lib/gcc/arm-none-eabi/10.2.0/armv6k/fpu\libgcc.a(_divsi3.o)
                0x00000000001000ac                __divsi3
                0x00000000001000ac                __aeabi_idiv
                0x00000000001002cc                __aeabi_idivmod
 .text          0x00000000001002ec        0x4 c:/devkitpro/devkitarm/bin/../lib/gcc/arm-none-eabi/10.2.0/armv6k/fpu\libgcc.a(_dvmd_tls.o)
                0x00000000001002ec                __aeabi_idiv0
                0x00000000001002ec                __aeabi_ldiv0
 .text          0x00000000001002f0       0xd4 c:/devkitpro/devkitarm/bin/../lib/gcc/arm-none-eabi/10.2.0/armv6k/fpu\libgcc.a(_aeabi_ldivmod.o)
                0x00000000001002f0                __aeabi_ldivmod
 .text          0x00000000001003c4       0x3c c:/devkitpro/devkitarm/bin/../lib/gcc/arm-none-eabi/10.2.0/armv6k/fpu\libgcc.a(_aeabi_uldivmod.o)
                0x00000000001003c4                __aeabi_uldivmod
 .text          0x0000000000100400      0x390 c:/devkitpro/devkitarm/bin/../lib/gcc/arm-none-eabi/10.2.0/../../../../arm-none-eabi/lib/armv6k/fpu\libg.a(lib_a-strcmp.o)
                0x0000000000100408                strcmp
 .text          0x0000000000100790      0x20c c:/devkitpro/devkitarm/bin/../lib/gcc/arm-none-eabi/10.2.0/armv6k/fpu\libgcc.a(_udivsi3.o)
                0x0000000000100790                __aeabi_uidiv
                0x0000000000100790                __udivsi3
                0x000000000010097c                __aeabi_uidivmod
 .text          0x000000000010099c      0x3c0 c:/devkitpro/devkitarm/bin/../lib/gcc/arm-none-eabi/10.2.0/armv6k/fpu\libgcc.a(_arm_addsubdf3.o)
                0x000000000010099c                __aeabi_drsub
                0x00000000001009a4                __aeabi_dsub
                0x00000000001009a4                __subdf3
                0x00000000001009a8                __aeabi_dadd
                0x00000000001009a8                __adddf3
                0x0000000000100c54                __floatunsidf
                0x0000000000100c54                __aeabi_ui2d
                0x0000000000100c78                __floatsidf
                0x0000000000100c78                __aeabi_i2d
                0x0000000000100ca0                __aeabi_f2d
                0x0000000000100ca0                __extendsfdf2
                0x0000000000100ce8                __floatundidf
                0x0000000000100ce8                __aeabi_ul2d
                0x0000000000100cfc                __floatdidf
                0x0000000000100cfc                __aeabi_l2d
 *(.text.*)
 .text.__do_global_dtors_aux
                0x0000000000100d5c       0x40 c:/devkitpro/devkitarm/bin/../lib/gcc/arm-none-eabi/10.2.0/armv6k/fpu/crtbegin.o
 .text.frame_dummy
                0x0000000000100d9c       0x2c c:/devkitpro/devkitarm/bin/../lib/gcc/arm-none-eabi/10.2.0/armv6k/fpu/crtbegin.o
 .text.red      0x0000000000100dc8        0xc colors.o
                0x0000000000100dc8                red
 .text.green    0x0000000000100dd4        0xc colors.o
                0x0000000000100dd4                green
 .text.yellow   0x0000000000100de0        0xc colors.o
                0x0000000000100de0                yellow
 .text.reset    0x0000000000100dec        0xc colors.o
                0x0000000000100dec                reset
 .text.startup.main
                0x0000000000100df8      0x16c main.o
                0x0000000000100df8                main
 .text.consoleDrawChar
                0x0000000000100f64      0x178 C:/devkitPro/libctru/lib\libctru.a(console.o)
                0x0000000000100f64                consoleDrawChar
 .text.consolePrintChar
                0x00000000001010dc      0x124 C:/devkitPro/libctru/lib\libctru.a(console.o)
                0x00000000001010dc                consolePrintChar
 .text.con_write
                0x0000000000101200      0xa00 C:/devkitPro/libctru/lib\libctru.a(console.o)
                0x0000000000101200                con_write
 .text.consoleInit
                0x0000000000101c00      0x168 C:/devkitPro/libctru/lib\libctru.a(console.o)
                0x0000000000101c00                consoleInit
 .text.newRow   0x0000000000101d68       0xf4 C:/devkitPro/libctru/lib\libctru.a(console.o)
 .text.gfxPresentFramebuffer
                0x0000000000101e5c       0xd0 C:/devkitPro/libctru/lib\libctru.a(gfx.o)
 .text.gfxIsWide
                0x0000000000101f2c       0x1c C:/devkitPro/libctru/lib\libctru.a(gfx.o)
                0x0000000000101f2c                gfxIsWide
 .text.gfxSetScreenFormat
                0x0000000000101f48       0xec C:/devkitPro/libctru/lib\libctru.a(gfx.o)
                0x0000000000101f48                gfxSetScreenFormat
 .text.gfxSetDoubleBuffering
                0x0000000000102034       0x10 C:/devkitPro/libctru/lib\libctru.a(gfx.o)
                0x0000000000102034                gfxSetDoubleBuffering
 .text.gfxInit  0x0000000000102044      0x108 C:/devkitPro/libctru/lib\libctru.a(gfx.o)
                0x0000000000102044                gfxInit
 .text.gfxInitDefault
                0x000000000010214c       0x10 C:/devkitPro/libctru/lib\libctru.a(gfx.o)
                0x000000000010214c                gfxInitDefault
 .text.gfxExit  0x000000000010215c       0xb4 C:/devkitPro/libctru/lib\libctru.a(gfx.o)
                0x000000000010215c                gfxExit
 .text.gfxGetFramebuffer
                0x0000000000102210       0xa0 C:/devkitPro/libctru/lib\libctru.a(gfx.o)
                0x0000000000102210                gfxGetFramebuffer
 .text.gfxFlushBuffers
                0x00000000001022b0      0x10c C:/devkitPro/libctru/lib\libctru.a(gfx.o)
                0x00000000001022b0                gfxFlushBuffers
 .text.gfxSwapBuffers
                0x00000000001023bc       0x50 C:/devkitPro/libctru/lib\libctru.a(gfx.o)
                0x00000000001023bc                gfxSwapBuffers
 .text.gfxSwapBuffersGpu
                0x000000000010240c       0x50 C:/devkitPro/libctru/lib\libctru.a(gfx.o)
                0x000000000010240c                gfxSwapBuffersGpu
 .text.gspHardwareInit
                0x000000000010245c      0xc58 C:/devkitPro/libctru/lib\libctru.a(gspgpu.o)
 .text.gspInit  0x00000000001030b4      0x254 C:/devkitPro/libctru/lib\libctru.a(gspgpu.o)
                0x00000000001030b4                gspInit
 .text.gspExit  0x0000000000103308       0xf0 C:/devkitPro/libctru/lib\libctru.a(gspgpu.o)
                0x0000000000103308                gspExit
 .text.gspHasGpuRight
                0x00000000001033f8       0x10 C:/devkitPro/libctru/lib\libctru.a(gspgpu.o)
                0x00000000001033f8                gspHasGpuRight
 .text.gspPresentBuffer
                0x0000000000103408       0x98 C:/devkitPro/libctru/lib\libctru.a(gspgpu.o)
                0x0000000000103408                gspPresentBuffer
 .text.gspWaitForEvent
                0x00000000001034a0       0x50 C:/devkitPro/libctru/lib\libctru.a(gspgpu.o)
                0x00000000001034a0                gspWaitForEvent
 .text.gxCmdQueueInterrupt
                0x00000000001034f0        0x4 C:/devkitPro/libctru/lib\libctru.a(gspgpu.o)
                0x00000000001034f0                gxCmdQueueInterrupt
 .text.gspEventThreadMain
                0x00000000001034f4      0x160 C:/devkitPro/libctru/lib\libctru.a(gspgpu.o)
 .text.GSPGPU_FlushDataCache
                0x0000000000103654       0x50 C:/devkitPro/libctru/lib\libctru.a(gspgpu.o)
                0x0000000000103654                GSPGPU_FlushDataCache
 .text.GSPGPU_SetLcdForceBlack
                0x00000000001036a4       0x34 C:/devkitPro/libctru/lib\libctru.a(gspgpu.o)
                0x00000000001036a4                GSPGPU_SetLcdForceBlack
 .text.GSPGPU_AcquireRight
                0x00000000001036d8       0x68 C:/devkitPro/libctru/lib\libctru.a(gspgpu.o)
                0x00000000001036d8                GSPGPU_AcquireRight
 .text.GSPGPU_ReleaseRight
                0x0000000000103740       0x48 C:/devkitPro/libctru/lib\libctru.a(gspgpu.o)
                0x0000000000103740                GSPGPU_ReleaseRight
 .text.GSPGPU_ImportDisplayCaptureInfo
                0x0000000000103788       0x7c C:/devkitPro/libctru/lib\libctru.a(gspgpu.o)
                0x0000000000103788                GSPGPU_ImportDisplayCaptureInfo
 .text.GSPGPU_SaveVramSysArea
                0x0000000000103804       0x2c C:/devkitPro/libctru/lib\libctru.a(gspgpu.o)
                0x0000000000103804                GSPGPU_SaveVramSysArea
 .text.GSPGPU_RestoreVramSysArea
                0x0000000000103830       0x2c C:/devkitPro/libctru/lib\libctru.a(gspgpu.o)
                0x0000000000103830                GSPGPU_RestoreVramSysArea
 .text.mcuHwcInit
                0x000000000010385c       0x74 C:/devkitPro/libctru/lib\libctru.a(mcuhwc.o)
                0x000000000010385c                mcuHwcInit
 .text.mcuHwcExit
                0x00000000001038d0       0x3c C:/devkitPro/libctru/lib\libctru.a(mcuhwc.o)
                0x00000000001038d0                mcuHwcExit
 .text.MCUHWC_GetBatteryLevel
                0x000000000010390c       0x38 C:/devkitPro/libctru/lib\libctru.a(mcuhwc.o)
                0x000000000010390c                MCUHWC_GetBatteryLevel
 .text.aptConvertScreenForCapture
                0x0000000000103944      0x1b0 C:/devkitPro/libctru/lib\libctru.a(apt.o)
 .text.aptDspSleep
                0x0000000000103af4        0x8 C:/devkitPro/libctru/lib\libctru.a(apt.o)
                0x0000000000103af4                aptDspSleep
 .text.aptDspWakeup
                0x0000000000103afc        0x4 C:/devkitPro/libctru/lib\libctru.a(apt.o)
                0x0000000000103afc                aptDspWakeup
 .text.aptDspCancel
                0x0000000000103b00        0x4 C:/devkitPro/libctru/lib\libctru.a(apt.o)
                0x0000000000103b00                aptDspCancel
 .text.aptSendCommand
                0x0000000000103b04      0x15c C:/devkitPro/libctru/lib\libctru.a(apt.o)
                0x0000000000103b04                aptSendCommand
 .text.aptExitProcess
                0x0000000000103c60       0x38 C:/devkitPro/libctru/lib\libctru.a(apt.o)
 .text.aptExit  0x0000000000103c98      0x2f0 C:/devkitPro/libctru/lib\libctru.a(apt.o)
                0x0000000000103c98                aptExit
 .text.aptHandleSleep
                0x0000000000103f88       0xd8 C:/devkitPro/libctru/lib\libctru.a(apt.o)
                0x0000000000103f88                aptHandleSleep
 .text.APT_SleepIfShellClosed
                0x0000000000104060       0x84 C:/devkitPro/libctru/lib\libctru.a(apt.o)
                0x0000000000104060                APT_SleepIfShellClosed
 .text.aptSetSleepAllowed
                0x00000000001040e4       0x84 C:/devkitPro/libctru/lib\libctru.a(apt.o)
                0x00000000001040e4                aptSetSleepAllowed
 .text.APT_UnlockTransition
                0x0000000000104168       0x84 C:/devkitPro/libctru/lib\libctru.a(apt.o)
                0x0000000000104168                APT_UnlockTransition
 *fill*         0x00000000001041ec        0x4 
 .text.aptEventHandler
                0x00000000001041f0      0x484 C:/devkitPro/libctru/lib\libctru.a(apt.o)
 .text.APT_ReceiveParameter
                0x0000000000104674       0xb0 C:/devkitPro/libctru/lib\libctru.a(apt.o)
                0x0000000000104674                APT_ReceiveParameter
 .text.aptReceiveParameter.constprop.0
                0x0000000000104724       0xb0 C:/devkitPro/libctru/lib\libctru.a(apt.o)
 *fill*         0x00000000001047d4        0x4 
 .text.aptScreenTransfer
                0x00000000001047d8      0x2bc C:/devkitPro/libctru/lib\libctru.a(apt.o)
 .text.aptWaitForWakeUp.isra.0
                0x0000000000104a94      0x2d0 C:/devkitPro/libctru/lib\libctru.a(apt.o)
 .text.aptJumpToHomeMenu
                0x0000000000104d64       0xf8 C:/devkitPro/libctru/lib\libctru.a(apt.o)
                0x0000000000104d64                aptJumpToHomeMenu
 .text.aptMainLoop
                0x0000000000104e5c       0x4c C:/devkitPro/libctru/lib\libctru.a(apt.o)
                0x0000000000104e5c                aptMainLoop
 .text.aptInit  0x0000000000104ea8      0x234 C:/devkitPro/libctru/lib\libctru.a(apt.o)
                0x0000000000104ea8                aptInit
 .text.APT_CheckNew3DS
                0x00000000001050dc       0x7c C:/devkitPro/libctru/lib\libctru.a(apt.o)
                0x00000000001050dc                APT_CheckNew3DS
 .text.hidShouldUseIrrst
                0x0000000000105158       0x24 C:/devkitPro/libctru/lib\libctru.a(hid.o)
                0x0000000000105158                hidShouldUseIrrst
 .text.hidInit  0x000000000010517c      0x18c C:/devkitPro/libctru/lib\libctru.a(hid.o)
                0x000000000010517c                hidInit
 .text.hidExit  0x0000000000105308       0xe8 C:/devkitPro/libctru/lib\libctru.a(hid.o)
                0x0000000000105308                hidExit
 .text.hidScanInput
                0x00000000001053f0      0x294 C:/devkitPro/libctru/lib\libctru.a(hid.o)
                0x00000000001053f0                hidScanInput
 .text.hidKeysDown
                0x0000000000105684       0x10 C:/devkitPro/libctru/lib\libctru.a(hid.o)
                0x0000000000105684                hidKeysDown
 .text.__libctru_init
                0x0000000000105694       0x38 C:/devkitPro/libctru/lib\libctru.a(ctru_init.o)
                0x0000000000105694                __libctru_init
 .text.__system_initArgv
                0x00000000001056cc       0xf0 C:/devkitPro/libctru/lib\libctru.a(initArgv.o)
                0x00000000001056cc                __system_initArgv
 .text.svcControlMemory
                0x00000000001057bc       0x20 C:/devkitPro/libctru/lib\libctru.a(svc.o)
                0x00000000001057bc                svcControlMemory
 .text.svcQueryMemory
                0x00000000001057dc       0x30 C:/devkitPro/libctru/lib\libctru.a(svc.o)
                0x00000000001057dc                svcQueryMemory
 .text.svcExitProcess
                0x000000000010580c        0x8 C:/devkitPro/libctru/lib\libctru.a(svc.o)
                0x000000000010580c                svcExitProcess
 .text.svcCreateThread
                0x0000000000105814       0x20 C:/devkitPro/libctru/lib\libctru.a(svc.o)
                0x0000000000105814                svcCreateThread
 .text.svcExitThread
                0x0000000000105834        0x8 C:/devkitPro/libctru/lib\libctru.a(svc.o)
                0x0000000000105834                svcExitThread
 .text.svcSleepThread
                0x000000000010583c        0x8 C:/devkitPro/libctru/lib\libctru.a(svc.o)
                0x000000000010583c                svcSleepThread
 .text.svcReleaseMutex
                0x0000000000105844        0x8 C:/devkitPro/libctru/lib\libctru.a(svc.o)
                0x0000000000105844                svcReleaseMutex
 .text.svcCreateEvent
                0x000000000010584c       0x14 C:/devkitPro/libctru/lib\libctru.a(svc.o)
                0x000000000010584c                svcCreateEvent
 .text.svcSignalEvent
                0x0000000000105860        0x8 C:/devkitPro/libctru/lib\libctru.a(svc.o)
                0x0000000000105860                svcSignalEvent
 .text.svcClearEvent
                0x0000000000105868        0x8 C:/devkitPro/libctru/lib\libctru.a(svc.o)
                0x0000000000105868                svcClearEvent
 .text.svcMapMemoryBlock
                0x0000000000105870        0x8 C:/devkitPro/libctru/lib\libctru.a(svc.o)
                0x0000000000105870                svcMapMemoryBlock
 .text.svcUnmapMemoryBlock
                0x0000000000105878        0x8 C:/devkitPro/libctru/lib\libctru.a(svc.o)
                0x0000000000105878                svcUnmapMemoryBlock
 .text.svcCreateAddressArbiter
                0x0000000000105880       0x14 C:/devkitPro/libctru/lib\libctru.a(svc.o)
                0x0000000000105880                svcCreateAddressArbiter
 .text.svcArbitrateAddressNoTimeout
                0x0000000000105894        0x8 C:/devkitPro/libctru/lib\libctru.a(svc.o)
                0x0000000000105894                svcArbitrateAddressNoTimeout
 .text.svcCloseHandle
                0x000000000010589c        0x8 C:/devkitPro/libctru/lib\libctru.a(svc.o)
                0x000000000010589c                svcCloseHandle
 .text.svcWaitSynchronization
                0x00000000001058a4        0x8 C:/devkitPro/libctru/lib\libctru.a(svc.o)
                0x00000000001058a4                svcWaitSynchronization
 .text.svcWaitSynchronizationN
                0x00000000001058ac       0x28 C:/devkitPro/libctru/lib\libctru.a(svc.o)
                0x00000000001058ac                svcWaitSynchronizationN
 .text.svcDuplicateHandle
                0x00000000001058d4       0x14 C:/devkitPro/libctru/lib\libctru.a(svc.o)
                0x00000000001058d4                svcDuplicateHandle
 .text.svcGetSystemTick
                0x00000000001058e8        0x8 C:/devkitPro/libctru/lib\libctru.a(svc.o)
                0x00000000001058e8                svcGetSystemTick
 .text.svcConnectToPort
                0x00000000001058f0       0x14 C:/devkitPro/libctru/lib\libctru.a(svc.o)
                0x00000000001058f0                svcConnectToPort
 .text.svcSendSyncRequest
                0x0000000000105904        0x8 C:/devkitPro/libctru/lib\libctru.a(svc.o)
                0x0000000000105904                svcSendSyncRequest
 .text.svcGetResourceLimit
                0x000000000010590c       0x14 C:/devkitPro/libctru/lib\libctru.a(svc.o)
                0x000000000010590c                svcGetResourceLimit
 .text.svcGetResourceLimitLimitValues
                0x0000000000105920        0x8 C:/devkitPro/libctru/lib\libctru.a(svc.o)
                0x0000000000105920                svcGetResourceLimitLimitValues
 .text.svcGetResourceLimitCurrentValues
                0x0000000000105928        0x8 C:/devkitPro/libctru/lib\libctru.a(svc.o)
                0x0000000000105928                svcGetResourceLimitCurrentValues
 .text.svcBreak
                0x0000000000105930        0x8 C:/devkitPro/libctru/lib\libctru.a(svc.o)
                0x0000000000105930                svcBreak
 .text.initSystem
                0x0000000000105938       0x50 C:/devkitPro/libctru/lib\libctru.a(stack_adjust.o)
                0x0000000000105938                initSystem
 .text.__ctru_exit
                0x0000000000105988       0x18 C:/devkitPro/libctru/lib\libctru.a(stack_adjust.o)
                0x0000000000105988                __ctru_exit
 .text._ZL21addrMapNodeComparatorPK11rbtree_nodeS1_
                0x00000000001059a0       0x24 C:/devkitPro/libctru/lib\libctru.a(vram.o)
 .text._ZL21addrMapNodeDestructorP11rbtree_node
                0x00000000001059c4        0x4 C:/devkitPro/libctru/lib\libctru.a(vram.o)
 .text.vramMemAlign
                0x00000000001059c8      0x114 C:/devkitPro/libctru/lib\libctru.a(vram.o)
                0x00000000001059c8                vramMemAlign
 .text.vramAlloc
                0x0000000000105adc        0x8 C:/devkitPro/libctru/lib\libctru.a(vram.o)
                0x0000000000105adc                vramAlloc
 .text.vramFree
                0x0000000000105ae4       0x5c C:/devkitPro/libctru/lib\libctru.a(vram.o)
                0x0000000000105ae4                vramFree
 .text._ZL21addrMapNodeComparatorPK11rbtree_nodeS1_
                0x0000000000105b40       0x24 C:/devkitPro/libctru/lib\libctru.a(linear.o)
 .text._ZL21addrMapNodeDestructorP11rbtree_node
                0x0000000000105b64        0x4 C:/devkitPro/libctru/lib\libctru.a(linear.o)
 .text.linearMemAlign
                0x0000000000105b68      0x120 C:/devkitPro/libctru/lib\libctru.a(linear.o)
                0x0000000000105b68                linearMemAlign
 .text.linearAlloc
                0x0000000000105c88        0x8 C:/devkitPro/libctru/lib\libctru.a(linear.o)
                0x0000000000105c88                linearAlloc
 .text.linearFree
                0x0000000000105c90       0x5c C:/devkitPro/libctru/lib\libctru.a(linear.o)
                0x0000000000105c90                linearFree
 .text._ZN7MemPool13CoalesceRightEP8MemBlock
                0x0000000000105cec       0x84 C:/devkitPro/libctru/lib\libctru.a(mem_pool.o)
                0x0000000000105cec                MemPool::CoalesceRight(MemBlock*)
 .text._ZN7MemPool8AllocateER8MemChunkmi
                0x0000000000105d70      0x170 C:/devkitPro/libctru/lib\libctru.a(mem_pool.o)
                0x0000000000105d70                MemPool::Allocate(MemChunk&, unsigned long, int)
 .text._ZN7MemPool10DeallocateERK8MemChunk
                0x0000000000105ee0       0xfc C:/devkitPro/libctru/lib\libctru.a(mem_pool.o)
                0x0000000000105ee0                MemPool::Deallocate(MemChunk const&)
 .text.__sync_init
                0x0000000000105fdc        0xc C:/devkitPro/libctru/lib\libctru.a(synchronization.o)
                0x0000000000105fdc                __sync_init
 .text.__sync_fini
                0x0000000000105fe8       0x18 C:/devkitPro/libctru/lib\libctru.a(synchronization.o)
                0x0000000000105fe8                __sync_fini
 .text.syncArbitrateAddress
                0x0000000000106000       0x2c C:/devkitPro/libctru/lib\libctru.a(synchronization.o)
                0x0000000000106000                syncArbitrateAddress
 .text.LightLock_Init
                0x000000000010602c       0x1c C:/devkitPro/libctru/lib\libctru.a(synchronization.o)
                0x000000000010602c                LightLock_Init
 .text.LightLock_Lock
                0x0000000000106048       0x94 C:/devkitPro/libctru/lib\libctru.a(synchronization.o)
                0x0000000000106048                LightLock_Lock
 .text.LightLock_TryLock
                0x00000000001060dc       0x44 C:/devkitPro/libctru/lib\libctru.a(synchronization.o)
                0x00000000001060dc                LightLock_TryLock
 .text.LightLock_Unlock
                0x0000000000106120       0x40 C:/devkitPro/libctru/lib\libctru.a(synchronization.o)
                0x0000000000106120                LightLock_Unlock
 .text.RecursiveLock_Init
                0x0000000000106160       0x24 C:/devkitPro/libctru/lib\libctru.a(synchronization.o)
                0x0000000000106160                RecursiveLock_Init
 .text.RecursiveLock_Lock
                0x0000000000106184       0x30 C:/devkitPro/libctru/lib\libctru.a(synchronization.o)
                0x0000000000106184                RecursiveLock_Lock
 .text.RecursiveLock_TryLock
                0x00000000001061b4       0x78 C:/devkitPro/libctru/lib\libctru.a(synchronization.o)
                0x00000000001061b4                RecursiveLock_TryLock
 .text.RecursiveLock_Unlock
                0x000000000010622c       0x54 C:/devkitPro/libctru/lib\libctru.a(synchronization.o)
                0x000000000010622c                RecursiveLock_Unlock
 .text.LightEvent_Init
                0x0000000000106280       0x40 C:/devkitPro/libctru/lib\libctru.a(synchronization.o)
                0x0000000000106280                LightEvent_Init
 .text.LightEvent_Clear
                0x00000000001062c0       0xa4 C:/devkitPro/libctru/lib\libctru.a(synchronization.o)
                0x00000000001062c0                LightEvent_Clear
 .text.LightEvent_Signal
                0x0000000000106364       0xc8 C:/devkitPro/libctru/lib\libctru.a(synchronization.o)
                0x0000000000106364                LightEvent_Signal
 .text.LightEvent_TryWait
                0x000000000010642c       0x58 C:/devkitPro/libctru/lib\libctru.a(synchronization.o)
                0x000000000010642c                LightEvent_TryWait
 .text.LightEvent_Wait
                0x0000000000106484       0xb0 C:/devkitPro/libctru/lib\libctru.a(synchronization.o)
                0x0000000000106484                LightEvent_Wait
 .text.osGetTimeRef
                0x0000000000106534       0x54 C:/devkitPro/libctru/lib\libctru.a(os.o)
                0x0000000000106534                osGetTimeRef
 .text.osGetTime
                0x0000000000106588       0xe4 C:/devkitPro/libctru/lib\libctru.a(os.o)
                0x0000000000106588                osGetTime
 .text.__libctru_gtod
                0x000000000010666c       0x74 C:/devkitPro/libctru/lib\libctru.a(os.o)
                0x000000000010666c                __libctru_gtod
 .text.__ctru_speedup_config
                0x00000000001066e0       0x34 C:/devkitPro/libctru/lib\libctru.a(os.o)
                0x00000000001066e0                __ctru_speedup_config
 .text.srvInit  0x0000000000106714      0x124 C:/devkitPro/libctru/lib\libctru.a(srv.o)
                0x0000000000106714                srvInit
 .text.srvExit  0x0000000000106838       0x58 C:/devkitPro/libctru/lib\libctru.a(srv.o)
                0x0000000000106838                srvExit
 .text.srvGetServiceHandleDirect
                0x0000000000106890       0x80 C:/devkitPro/libctru/lib\libctru.a(srv.o)
                0x0000000000106890                srvGetServiceHandleDirect
 .text.srvGetServiceHandle
                0x0000000000106910       0x48 C:/devkitPro/libctru/lib\libctru.a(srv.o)
                0x0000000000106910                srvGetServiceHandle
 .text.srvPublishToSubscriber
                0x0000000000106958       0x38 C:/devkitPro/libctru/lib\libctru.a(srv.o)
                0x0000000000106958                srvPublishToSubscriber
 .text.threadCreate
                0x0000000000106990      0x188 C:/devkitPro/libctru/lib\libctru.a(thread.o)
                0x0000000000106990                threadCreate
 .text.threadFree
                0x0000000000106b18       0x2c C:/devkitPro/libctru/lib\libctru.a(thread.o)
                0x0000000000106b18                threadFree
 .text.threadJoin
                0x0000000000106b44       0x24 C:/devkitPro/libctru/lib\libctru.a(thread.o)
                0x0000000000106b44                threadJoin
 .text.threadGetCurrent
                0x0000000000106b68       0x30 C:/devkitPro/libctru/lib\libctru.a(thread.o)
                0x0000000000106b68                threadGetCurrent
 .text.threadExit
                0x0000000000106b98       0x40 C:/devkitPro/libctru/lib\libctru.a(thread.o)
                0x0000000000106b98                threadExit
 .text._thread_begin
                0x0000000000106bd8       0x44 C:/devkitPro/libctru/lib\libctru.a(thread.o)
 .text.mappableFindAddressWithin
                0x0000000000106c1c       0x94 C:/devkitPro/libctru/lib\libctru.a(mappable.o)
 .text.mappableInit
                0x0000000000106cb0       0x28 C:/devkitPro/libctru/lib\libctru.a(mappable.o)
                0x0000000000106cb0                mappableInit
 .text.mappableAlloc
                0x0000000000106cd8       0x80 C:/devkitPro/libctru/lib\libctru.a(mappable.o)
                0x0000000000106cd8                mappableAlloc
 .text.mappableFree
                0x0000000000106d58        0x4 C:/devkitPro/libctru/lib\libctru.a(mappable.o)
                0x0000000000106d58                mappableFree
 .text.irrstInit
                0x0000000000106d5c      0x160 C:/devkitPro/libctru/lib\libctru.a(irrst.o)
                0x0000000000106d5c                irrstInit
 .text.irrstExit
                0x0000000000106ebc       0xcc C:/devkitPro/libctru/lib\libctru.a(irrst.o)
                0x0000000000106ebc                irrstExit
 .text.irrstScanInput
                0x0000000000106f88       0xb0 C:/devkitPro/libctru/lib\libctru.a(irrst.o)
                0x0000000000106f88                irrstScanInput
 .text.irrstKeysHeld
                0x0000000000107038       0x24 C:/devkitPro/libctru/lib\libctru.a(irrst.o)
                0x0000000000107038                irrstKeysHeld
 .text.srvPmGetSessionHandle
                0x000000000010705c        0xc C:/devkitPro/libctru/lib\libctru.a(srvpm.o)
                0x000000000010705c                srvPmGetSessionHandle
 .text.ptmSysmInit
                0x0000000000107068       0x74 C:/devkitPro/libctru/lib\libctru.a(ptmsysm.o)
                0x0000000000107068                ptmSysmInit
 .text.ptmSysmExit
                0x00000000001070dc       0x3c C:/devkitPro/libctru/lib\libctru.a(ptmsysm.o)
                0x00000000001070dc                ptmSysmExit
 .text.PTMSYSM_ConfigureNew3DSCPU
                0x0000000000107118       0x34 C:/devkitPro/libctru/lib\libctru.a(ptmsysm.o)
                0x0000000000107118                PTMSYSM_ConfigureNew3DSCPU
 .text.rbtree_init
                0x000000000010714c       0x10 C:/devkitPro/libctru/lib\libctru.a(rbtree_init.o)
                0x000000000010714c                rbtree_init
 .text.do_insert
                0x000000000010715c      0x1a0 C:/devkitPro/libctru/lib\libctru.a(rbtree_insert.o)
 .text.rbtree_insert
                0x00000000001072fc        0x8 C:/devkitPro/libctru/lib\libctru.a(rbtree_insert.o)
                0x00000000001072fc                rbtree_insert
 .text.rbtree_rotate
                0x0000000000107304       0x90 C:/devkitPro/libctru/lib\libctru.a(rbtree_rotate.o)
                0x0000000000107304                rbtree_rotate
 .text.rbtree_remove
                0x0000000000107394      0x338 C:/devkitPro/libctru/lib\libctru.a(rbtree_remove.o)
                0x0000000000107394                rbtree_remove
 .text.rbtree_find
                0x00000000001076cc       0x74 C:/devkitPro/libctru/lib\libctru.a(rbtree_find.o)
                0x00000000001076cc                rbtree_find
 .text.__appInit
                0x0000000000107740       0x30 C:/devkitPro/libctru/lib\libctru.a(appInit.o)
                0x0000000000107740                __appInit
 .text.__libctru_nanosleep
                0x0000000000107770       0x30 C:/devkitPro/libctru/lib\libctru.a(syscalls.o)
 .text.__libctru_get_reent
                0x00000000001077a0       0x30 C:/devkitPro/libctru/lib\libctru.a(syscalls.o)
 .text.__system_initSyscalls
                0x00000000001077d0       0xf8 C:/devkitPro/libctru/lib\libctru.a(syscalls.o)
                0x00000000001077d0                __system_initSyscalls
 .text.__system_allocateHeaps
                0x00000000001078c8      0x1e0 C:/devkitPro/libctru/lib\libctru.a(allocateHeaps.o)
                0x00000000001078c8                __system_allocateHeaps
 .text.__appExit
                0x0000000000107aa8       0x30 C:/devkitPro/libctru/lib\libctru.a(appExit.o)
                0x0000000000107aa8                __appExit
 .text.__libctru_exit
                0x0000000000107ad8       0x90 C:/devkitPro/libctru/lib\libctru.a(ctru_exit.o)
                0x0000000000107ad8                __libctru_exit
 .text.envGetHandle
                0x0000000000107b68       0x84 C:/devkitPro/libctru/lib\libctru.a(env.o)
                0x0000000000107b68                envGetHandle
 .text.envDestroyHandles
                0x0000000000107bec       0x50 C:/devkitPro/libctru/lib\libctru.a(env.o)
                0x0000000000107bec                envDestroyHandles
 .text.archive_link
                0x0000000000107c3c       0x14 C:/devkitPro/libctru/lib\libctru.a(archive_dev.o)
 .text.archive_dirreset
                0x0000000000107c50       0x14 C:/devkitPro/libctru/lib\libctru.a(archive_dev.o)
 .text.archive_chmod
                0x0000000000107c64       0x14 C:/devkitPro/libctru/lib\libctru.a(archive_dev.o)
 .text.error_cmp
                0x0000000000107c78       0x24 C:/devkitPro/libctru/lib\libctru.a(archive_dev.o)
 .text.archive_translate_error
                0x0000000000107c9c       0x50 C:/devkitPro/libctru/lib\libctru.a(archive_dev.o)
 .text.archive_seek
                0x0000000000107cec       0xd4 C:/devkitPro/libctru/lib\libctru.a(archive_dev.o)
 .text._archiveInit.part.0
                0x0000000000107dc0       0x7c C:/devkitPro/libctru/lib\libctru.a(archive_dev.o)
 .text.archiveFindDevice.part.0
                0x0000000000107e3c       0x8c C:/devkitPro/libctru/lib\libctru.a(archive_dev.o)
 .text.archive_utf16path
                0x0000000000107ec8      0x294 C:/devkitPro/libctru/lib\libctru.a(archive_dev.o)
 .text._archiveUnmountDeviceStruct.part.0
                0x000000000010815c       0xa0 C:/devkitPro/libctru/lib\libctru.a(archive_dev.o)
 .text.archive_fchmod
                0x00000000001081fc       0x14 C:/devkitPro/libctru/lib\libctru.a(archive_dev.o)
 .text.archive_statvfs
                0x0000000000108210       0x14 C:/devkitPro/libctru/lib\libctru.a(archive_dev.o)
 .text._archiveMountDevice
                0x0000000000108224      0x158 C:/devkitPro/libctru/lib\libctru.a(archive_dev.o)
 .text.archive_diropen
                0x000000000010837c       0xe8 C:/devkitPro/libctru/lib\libctru.a(archive_dev.o)
 .text.archive_fstat
                0x0000000000108464       0xa4 C:/devkitPro/libctru/lib\libctru.a(archive_dev.o)
 .text.archive_close
                0x0000000000108508       0x6c C:/devkitPro/libctru/lib\libctru.a(archive_dev.o)
 .text.archive_fsync
                0x0000000000108574       0x6c C:/devkitPro/libctru/lib\libctru.a(archive_dev.o)
 .text.archive_dirclose
                0x00000000001085e0       0x70 C:/devkitPro/libctru/lib\libctru.a(archive_dev.o)
 .text.sdmc_statvfs
                0x0000000000108650       0xe8 C:/devkitPro/libctru/lib\libctru.a(archive_dev.o)
 .text.archive_ftruncate
                0x0000000000108738       0x80 C:/devkitPro/libctru/lib\libctru.a(archive_dev.o)
 .text.archive_chdir
                0x00000000001087b8       0xfc C:/devkitPro/libctru/lib\libctru.a(archive_dev.o)
 .text.archive_read
                0x00000000001088b4       0xb0 C:/devkitPro/libctru/lib\libctru.a(archive_dev.o)
 .text.archive_unlink
                0x0000000000108964       0xac C:/devkitPro/libctru/lib\libctru.a(archive_dev.o)
 .text.archive_rmdir
                0x0000000000108a10       0xc8 C:/devkitPro/libctru/lib\libctru.a(archive_dev.o)
 .text.archive_mkdir
                0x0000000000108ad8       0xec C:/devkitPro/libctru/lib\libctru.a(archive_dev.o)
 .text.archive_stat
                0x0000000000108bc4      0x1a8 C:/devkitPro/libctru/lib\libctru.a(archive_dev.o)
 .text.archive_rename
                0x0000000000108d6c      0x184 C:/devkitPro/libctru/lib\libctru.a(archive_dev.o)
 .text.archive_dirnext
                0x0000000000108ef0      0x168 C:/devkitPro/libctru/lib\libctru.a(archive_dev.o)
 .text.archive_write
                0x0000000000109058      0x12c C:/devkitPro/libctru/lib\libctru.a(archive_dev.o)
 .text.archive_open
                0x0000000000109184      0x1f0 C:/devkitPro/libctru/lib\libctru.a(archive_dev.o)
 .text.archiveMountSdmc
                0x0000000000109374      0x1a4 C:/devkitPro/libctru/lib\libctru.a(archive_dev.o)
                0x0000000000109374                archiveMountSdmc
 .text.archiveUnmountAll
                0x0000000000109518       0x54 C:/devkitPro/libctru/lib\libctru.a(archive_dev.o)
                0x0000000000109518                archiveUnmountAll
 .text.fsInit   0x000000000010956c       0xc8 C:/devkitPro/libctru/lib\libctru.a(fs.o)
                0x000000000010956c                fsInit
 .text.fsExit   0x0000000000109634       0x3c C:/devkitPro/libctru/lib\libctru.a(fs.o)
                0x0000000000109634                fsExit
 .text.fsExemptFromSession
                0x0000000000109670       0x60 C:/devkitPro/libctru/lib\libctru.a(fs.o)
                0x0000000000109670                fsExemptFromSession
 .text.fsUnexemptFromSession
                0x00000000001096d0       0x50 C:/devkitPro/libctru/lib\libctru.a(fs.o)
                0x00000000001096d0                fsUnexemptFromSession
 .text.FSUSER_OpenFile
                0x0000000000109720       0xcc C:/devkitPro/libctru/lib\libctru.a(fs.o)
                0x0000000000109720                FSUSER_OpenFile
 .text.FSUSER_DeleteFile
                0x00000000001097ec       0xbc C:/devkitPro/libctru/lib\libctru.a(fs.o)
                0x00000000001097ec                FSUSER_DeleteFile
 .text.FSUSER_RenameFile
                0x00000000001098a8       0xf8 C:/devkitPro/libctru/lib\libctru.a(fs.o)
                0x00000000001098a8                FSUSER_RenameFile
 .text.FSUSER_DeleteDirectory
                0x00000000001099a0       0xbc C:/devkitPro/libctru/lib\libctru.a(fs.o)
                0x00000000001099a0                FSUSER_DeleteDirectory
 .text.FSUSER_CreateFile
                0x0000000000109a5c       0xd4 C:/devkitPro/libctru/lib\libctru.a(fs.o)
                0x0000000000109a5c                FSUSER_CreateFile
 .text.FSUSER_CreateDirectory
                0x0000000000109b30       0xc4 C:/devkitPro/libctru/lib\libctru.a(fs.o)
                0x0000000000109b30                FSUSER_CreateDirectory
 .text.FSUSER_RenameDirectory
                0x0000000000109bf4       0xf8 C:/devkitPro/libctru/lib\libctru.a(fs.o)
                0x0000000000109bf4                FSUSER_RenameDirectory
 .text.FSUSER_OpenDirectory
                0x0000000000109cec       0xb4 C:/devkitPro/libctru/lib\libctru.a(fs.o)
                0x0000000000109cec                FSUSER_OpenDirectory
 .text.FSUSER_OpenArchive
                0x0000000000109da0       0x94 C:/devkitPro/libctru/lib\libctru.a(fs.o)
                0x0000000000109da0                FSUSER_OpenArchive
 .text.FSUSER_CloseArchive
                0x0000000000109e34       0x8c C:/devkitPro/libctru/lib\libctru.a(fs.o)
                0x0000000000109e34                FSUSER_CloseArchive
 .text.FSUSER_GetSdmcArchiveResource
                0x0000000000109ec0       0x74 C:/devkitPro/libctru/lib\libctru.a(fs.o)
                0x0000000000109ec0                FSUSER_GetSdmcArchiveResource
 .text.FSUSER_IsSdmcWritable
                0x0000000000109f34       0x64 C:/devkitPro/libctru/lib\libctru.a(fs.o)
                0x0000000000109f34                FSUSER_IsSdmcWritable
 .text.FSFILE_Read
                0x0000000000109f98       0x58 C:/devkitPro/libctru/lib\libctru.a(fs.o)
                0x0000000000109f98                FSFILE_Read
 .text.FSFILE_Write
                0x0000000000109ff0       0x60 C:/devkitPro/libctru/lib\libctru.a(fs.o)
                0x0000000000109ff0                FSFILE_Write
 .text.FSFILE_GetSize
                0x000000000010a050       0x38 C:/devkitPro/libctru/lib\libctru.a(fs.o)
                0x000000000010a050                FSFILE_GetSize
 .text.FSFILE_SetSize
                0x000000000010a088       0x28 C:/devkitPro/libctru/lib\libctru.a(fs.o)
                0x000000000010a088                FSFILE_SetSize
 .text.FSFILE_Close
                0x000000000010a0b0       0x3c C:/devkitPro/libctru/lib\libctru.a(fs.o)
                0x000000000010a0b0                FSFILE_Close
 .text.FSFILE_Flush
                0x000000000010a0ec       0x24 C:/devkitPro/libctru/lib\libctru.a(fs.o)
                0x000000000010a0ec                FSFILE_Flush
 .text.FSDIR_Read
                0x000000000010a110       0x50 C:/devkitPro/libctru/lib\libctru.a(fs.o)
                0x000000000010a110                FSDIR_Read
 .text.FSDIR_Close
                0x000000000010a160       0x3c C:/devkitPro/libctru/lib\libctru.a(fs.o)
                0x000000000010a160                FSDIR_Close
 .text.rbtree_node_next
                0x000000000010a19c       0x50 C:/devkitPro/libctru/lib\libctru.a(rbtree_iterator.o)
                0x000000000010a19c                rbtree_node_next
 .text.utf16_to_utf8
                0x000000000010a1ec       0xe8 C:/devkitPro/libctru/lib\libctru.a(utf16_to_utf8.o)
                0x000000000010a1ec                utf16_to_utf8
 .text.decode_utf16
                0x000000000010a2d4       0x64 C:/devkitPro/libctru/lib\libctru.a(decode_utf16.o)
                0x000000000010a2d4                decode_utf16
 .text.decode_utf8
                0x000000000010a338      0x13c C:/devkitPro/libctru/lib\libctru.a(decode_utf8.o)
                0x000000000010a338                decode_utf8
 .text.utf8_to_utf16
                0x000000000010a474       0xc0 C:/devkitPro/libctru/lib\libctru.a(utf8_to_utf16.o)
                0x000000000010a474                utf8_to_utf16
 .text.__aeabi_read_tp
                0x000000000010a534        0xc C:/devkitPro/libctru/lib\libctru.a(readtp.o)
                0x000000000010a534                __aeabi_read_tp
 .text.encode_utf16
                0x000000000010a540       0x60 C:/devkitPro/libctru/lib\libctru.a(encode_utf16.o)
                0x000000000010a540                encode_utf16
 .text.encode_utf8
                0x000000000010a5a0       0xfc C:/devkitPro/libctru/lib\libctru.a(encode_utf8.o)
                0x000000000010a5a0                encode_utf8
 .text.__udivmoddi4
                0x000000000010a69c      0x120 c:/devkitpro/devkitarm/bin/../lib/gcc/arm-none-eabi/10.2.0/armv6k/fpu\libgcc.a(_udivmoddi4.o)
                0x000000000010a69c                __udivmoddi4
 .text.bsearch  0x000000000010a7bc       0x78 c:/devkitpro/devkitarm/bin/../lib/gcc/arm-none-eabi/10.2.0/../../../../arm-none-eabi/lib/armv6k/fpu\libg.a(lib_a-bsearch.o)
                0x000000000010a7bc                bsearch
 .text.__errno  0x000000000010a834        0xc c:/devkitpro/devkitarm/bin/../lib/gcc/arm-none-eabi/10.2.0/../../../../arm-none-eabi/lib/armv6k/fpu\libg.a(lib_a-errno.o)
                0x000000000010a834                __errno
 .text.exit     0x000000000010a840       0x34 c:/devkitpro/devkitarm/bin/../lib/gcc/arm-none-eabi/10.2.0/../../../../arm-none-eabi/lib/armv6k/fpu\libg.a(lib_a-exit.o)
                0x000000000010a840                exit
 .text.__libc_fini_array
                0x000000000010a874       0x3c c:/devkitpro/devkitarm/bin/../lib/gcc/arm-none-eabi/10.2.0/../../../../arm-none-eabi/lib/armv6k/fpu\libg.a(lib_a-fini.o)
                0x000000000010a874                __libc_fini_array
 .text.__libc_init_array
                0x000000000010a8b0       0x7c c:/devkitpro/devkitarm/bin/../lib/gcc/arm-none-eabi/10.2.0/../../../../arm-none-eabi/lib/armv6k/fpu\libg.a(lib_a-init.o)
                0x000000000010a8b0                __libc_init_array
 .text.memalign
                0x000000000010a92c       0x28 c:/devkitpro/devkitarm/bin/../lib/gcc/arm-none-eabi/10.2.0/../../../../arm-none-eabi/lib/armv6k/fpu\libg.a(lib_a-malign.o)
                0x000000000010a92c                memalign
 .text._memalign_r
                0x000000000010a954      0x148 c:/devkitpro/devkitarm/bin/../lib/gcc/arm-none-eabi/10.2.0/../../../../arm-none-eabi/lib/armv6k/fpu\libg.a(lib_a-malignr.o)
                0x000000000010a954                _memalign_r
 .text.malloc   0x000000000010aa9c       0x20 c:/devkitpro/devkitarm/bin/../lib/gcc/arm-none-eabi/10.2.0/../../../../arm-none-eabi/lib/armv6k/fpu\libg.a(lib_a-malloc.o)
                0x000000000010aa9c                malloc
 .text.free     0x000000000010aabc       0x20 c:/devkitpro/devkitarm/bin/../lib/gcc/arm-none-eabi/10.2.0/../../../../arm-none-eabi/lib/armv6k/fpu\libg.a(lib_a-malloc.o)
                0x000000000010aabc                free
 .text._malloc_r
                0x000000000010aadc      0x7f0 c:/devkitpro/devkitarm/bin/../lib/gcc/arm-none-eabi/10.2.0/../../../../arm-none-eabi/lib/armv6k/fpu\libg.a(lib_a-mallocr.o)
                0x000000000010aadc                _malloc_r
 .text.memchr   0x000000000010b2cc       0xe0 c:/devkitpro/devkitarm/bin/../lib/gcc/arm-none-eabi/10.2.0/../../../../arm-none-eabi/lib/armv6k/fpu\libg.a(lib_a-memchr-stub.o)
                0x000000000010b2cc                memchr
 .text.memcpy   0x000000000010b3ac      0x11c c:/devkitpro/devkitarm/bin/../lib/gcc/arm-none-eabi/10.2.0/../../../../arm-none-eabi/lib/armv6k/fpu\libg.a(lib_a-memcpy-stub.o)
                0x000000000010b3ac                memcpy
 .text.memset   0x000000000010b4c8      0x118 c:/devkitpro/devkitarm/bin/../lib/gcc/arm-none-eabi/10.2.0/../../../../arm-none-eabi/lib/armv6k/fpu\libg.a(lib_a-memset.o)
                0x000000000010b4c8                memset
 .text.__malloc_lock
                0x000000000010b5e0        0xc c:/devkitpro/devkitarm/bin/../lib/gcc/arm-none-eabi/10.2.0/../../../../arm-none-eabi/lib/armv6k/fpu\libg.a(lib_a-mlock.o)
                0x000000000010b5e0                __malloc_lock
 .text.__malloc_unlock
                0x000000000010b5ec        0xc c:/devkitpro/devkitarm/bin/../lib/gcc/arm-none-eabi/10.2.0/../../../../arm-none-eabi/lib/armv6k/fpu\libg.a(lib_a-mlock.o)
                0x000000000010b5ec                __malloc_unlock
 .text.printf   0x000000000010b5f8       0x34 c:/devkitpro/devkitarm/bin/../lib/gcc/arm-none-eabi/10.2.0/../../../../arm-none-eabi/lib/armv6k/fpu\libg.a(lib_a-printf.o)
                0x000000000010b5f8                printf
 .text.setvbuf  0x000000000010b62c      0x260 c:/devkitpro/devkitarm/bin/../lib/gcc/arm-none-eabi/10.2.0/../../../../arm-none-eabi/lib/armv6k/fpu\libg.a(lib_a-setvbuf.o)
                0x000000000010b62c                setvbuf
 .text.sscanf   0x000000000010b88c       0x74 c:/devkitpro/devkitarm/bin/../lib/gcc/arm-none-eabi/10.2.0/../../../../arm-none-eabi/lib/armv6k/fpu\libg.a(lib_a-sscanf.o)
                0x000000000010b88c                sscanf
 .text.__sread  0x000000000010b900       0x44 c:/devkitpro/devkitarm/bin/../lib/gcc/arm-none-eabi/10.2.0/../../../../arm-none-eabi/lib/armv6k/fpu\libg.a(lib_a-stdio.o)
                0x000000000010b900                __sread
 .text.__seofread
                0x000000000010b944        0x8 c:/devkitpro/devkitarm/bin/../lib/gcc/arm-none-eabi/10.2.0/../../../../arm-none-eabi/lib/armv6k/fpu\libg.a(lib_a-stdio.o)
                0x000000000010b944                __seofread
 .text.__swrite
                0x000000000010b94c       0x68 c:/devkitpro/devkitarm/bin/../lib/gcc/arm-none-eabi/10.2.0/../../../../arm-none-eabi/lib/armv6k/fpu\libg.a(lib_a-stdio.o)
                0x000000000010b94c                __swrite
 .text.__sseek  0x000000000010b9b4       0x48 c:/devkitpro/devkitarm/bin/../lib/gcc/arm-none-eabi/10.2.0/../../../../arm-none-eabi/lib/armv6k/fpu\libg.a(lib_a-stdio.o)
                0x000000000010b9b4                __sseek
 .text.__sclose
                0x000000000010b9fc        0x8 c:/devkitpro/devkitarm/bin/../lib/gcc/arm-none-eabi/10.2.0/../../../../arm-none-eabi/lib/armv6k/fpu\libg.a(lib_a-stdio.o)
                0x000000000010b9fc                __sclose
 .text.strlen   0x000000000010ba04       0x5c c:/devkitpro/devkitarm/bin/../lib/gcc/arm-none-eabi/10.2.0/../../../../arm-none-eabi/lib/armv6k/fpu\libg.a(lib_a-strlen-stub.o)
                0x000000000010ba04                strlen
 .text.strncat  0x000000000010ba60       0xec c:/devkitpro/devkitarm/bin/../lib/gcc/arm-none-eabi/10.2.0/../../../../arm-none-eabi/lib/armv6k/fpu\libg.a(lib_a-strncat.o)
                0x000000000010ba60                strncat
 .text.strncmp  0x000000000010bb4c       0xdc c:/devkitpro/devkitarm/bin/../lib/gcc/arm-none-eabi/10.2.0/../../../../arm-none-eabi/lib/armv6k/fpu\libg.a(lib_a-strncmp.o)
                0x000000000010bb4c                strncmp
 .text.strncpy  0x000000000010bc28       0xc0 c:/devkitpro/devkitarm/bin/../lib/gcc/arm-none-eabi/10.2.0/../../../../arm-none-eabi/lib/armv6k/fpu\libg.a(lib_a-strncpy.o)
                0x000000000010bc28                strncpy
 .text.strnlen  0x000000000010bce8       0x48 c:/devkitpro/devkitarm/bin/../lib/gcc/arm-none-eabi/10.2.0/../../../../arm-none-eabi/lib/armv6k/fpu\libg.a(lib_a-strnlen.o)
                0x000000000010bce8                strnlen
 .text.get_arg  0x000000000010bd30       0x50 c:/devkitpro/devkitarm/bin/../lib/gcc/arm-none-eabi/10.2.0/../../../../arm-none-eabi/lib/armv6k/fpu\libg.a(lib_a-svfscanf.o)
 .text.__ssvfscanf_r
                0x000000000010bd80     0x2b68 c:/devkitpro/devkitarm/bin/../lib/gcc/arm-none-eabi/10.2.0/../../../../arm-none-eabi/lib/armv6k/fpu\libg.a(lib_a-svfscanf.o)
                0x000000000010bd80                __ssvfscanf_r
 .text.get_arg  0x000000000010e8e8      0x64c c:/devkitpro/devkitarm/bin/../lib/gcc/arm-none-eabi/10.2.0/../../../../arm-none-eabi/lib/armv6k/fpu\libg.a(lib_a-vfiprintf.o)
 .text.__sprint_r
                0x000000000010ef34       0x34 c:/devkitpro/devkitarm/bin/../lib/gcc/arm-none-eabi/10.2.0/../../../../arm-none-eabi/lib/armv6k/fpu\libg.a(lib_a-vfiprintf.o)
                0x000000000010ef34                __sprint_r
 .text._vfiprintf_r
                0x000000000010ef68     0x2584 c:/devkitpro/devkitarm/bin/../lib/gcc/arm-none-eabi/10.2.0/../../../../arm-none-eabi/lib/armv6k/fpu\libg.a(lib_a-vfiprintf.o)
                0x000000000010ef68                _vfiprintf_r
 .text.__sbprintf
                0x00000000001114ec       0xd4 c:/devkitpro/devkitarm/bin/../lib/gcc/arm-none-eabi/10.2.0/../../../../arm-none-eabi/lib/armv6k/fpu\libg.a(lib_a-vfiprintf.o)
 .text.get_arg  0x00000000001115c0      0x64c c:/devkitpro/devkitarm/bin/../lib/gcc/arm-none-eabi/10.2.0/../../../../arm-none-eabi/lib/armv6k/fpu\libg.a(lib_a-vfprintf.o)
 *fill*         0x0000000000111c0c        0x4 
 .text._vfprintf_r
                0x0000000000111c10     0x38d4 c:/devkitpro/devkitarm/bin/../lib/gcc/arm-none-eabi/10.2.0/../../../../arm-none-eabi/lib/armv6k/fpu\libg.a(lib_a-vfprintf.o)
                0x0000000000111c10                _vfprintf_r
 .text.__sbprintf
                0x00000000001154e4       0xd4 c:/devkitpro/devkitarm/bin/../lib/gcc/arm-none-eabi/10.2.0/../../../../arm-none-eabi/lib/armv6k/fpu\libg.a(lib_a-vfprintf.o)
 .text._wcrtomb_r
                0x00000000001155b8       0x54 c:/devkitpro/devkitarm/bin/../lib/gcc/arm-none-eabi/10.2.0/../../../../arm-none-eabi/lib/armv6k/fpu\libg.a(lib_a-wcrtomb.o)
                0x00000000001155b8                _wcrtomb_r
 .text._wcsrtombs_r
                0x000000000011560c       0x28 c:/devkitpro/devkitarm/bin/../lib/gcc/arm-none-eabi/10.2.0/../../../../arm-none-eabi/lib/armv6k/fpu\libg.a(lib_a-wcsrtombs.o)
                0x000000000011560c                _wcsrtombs_r
 .text.__swsetup_r
                0x0000000000115634      0x154 c:/devkitpro/devkitarm/bin/../lib/gcc/arm-none-eabi/10.2.0/../../../../arm-none-eabi/lib/armv6k/fpu\libg.a(lib_a-wsetup.o)
                0x0000000000115634                __swsetup_r
 .text.__call_exitprocs
                0x0000000000115788      0x114 c:/devkitpro/devkitarm/bin/../lib/gcc/arm-none-eabi/10.2.0/../../../../arm-none-eabi/lib/armv6k/fpu\libg.a(lib_a-__call_atexit.o)
                0x0000000000115788                __call_exitprocs
 .text.quorem   0x000000000011589c      0x1a8 c:/devkitpro/devkitarm/bin/../lib/gcc/arm-none-eabi/10.2.0/../../../../arm-none-eabi/lib/armv6k/fpu\libg.a(lib_a-dtoa.o)
 *fill*         0x0000000000115a44        0x4 
 .text._dtoa_r  0x0000000000115a48     0x12ec c:/devkitpro/devkitarm/bin/../lib/gcc/arm-none-eabi/10.2.0/../../../../arm-none-eabi/lib/armv6k/fpu\libg.a(lib_a-dtoa.o)
                0x0000000000115a48                _dtoa_r
 .text.__sflush_r
                0x0000000000116d34      0x258 c:/devkitpro/devkitarm/bin/../lib/gcc/arm-none-eabi/10.2.0/../../../../arm-none-eabi/lib/armv6k/fpu\libg.a(lib_a-fflush.o)
                0x0000000000116d34                __sflush_r
 .text._fflush_r
                0x0000000000116f8c       0x94 c:/devkitpro/devkitarm/bin/../lib/gcc/arm-none-eabi/10.2.0/../../../../arm-none-eabi/lib/armv6k/fpu\libg.a(lib_a-fflush.o)
                0x0000000000116f8c                _fflush_r
 .text._cleanup_r
                0x0000000000117020        0xc c:/devkitpro/devkitarm/bin/../lib/gcc/arm-none-eabi/10.2.0/../../../../arm-none-eabi/lib/armv6k/fpu\libg.a(lib_a-findfp.o)
                0x0000000000117020                _cleanup_r
 .text.__sinit  0x000000000011702c      0x184 c:/devkitpro/devkitarm/bin/../lib/gcc/arm-none-eabi/10.2.0/../../../../arm-none-eabi/lib/armv6k/fpu\libg.a(lib_a-findfp.o)
                0x000000000011702c                __sinit
 .text.__sfp_lock_acquire
                0x00000000001171b0        0xc c:/devkitpro/devkitarm/bin/../lib/gcc/arm-none-eabi/10.2.0/../../../../arm-none-eabi/lib/armv6k/fpu\libg.a(lib_a-findfp.o)
                0x00000000001171b0                __sfp_lock_acquire
 .text.__sfp_lock_release
                0x00000000001171bc        0xc c:/devkitpro/devkitarm/bin/../lib/gcc/arm-none-eabi/10.2.0/../../../../arm-none-eabi/lib/armv6k/fpu\libg.a(lib_a-findfp.o)
                0x00000000001171bc                __sfp_lock_release
 .text._malloc_trim_r
                0x00000000001171c8       0xf8 c:/devkitpro/devkitarm/bin/../lib/gcc/arm-none-eabi/10.2.0/../../../../arm-none-eabi/lib/armv6k/fpu\libg.a(lib_a-freer.o)
                0x00000000001171c8                _malloc_trim_r
 .text._free_r  0x00000000001172c0      0x2e4 c:/devkitpro/devkitarm/bin/../lib/gcc/arm-none-eabi/10.2.0/../../../../arm-none-eabi/lib/armv6k/fpu\libg.a(lib_a-freer.o)
                0x00000000001172c0                _free_r
 .text.__sfvwrite_r
                0x00000000001175a4      0x4a4 c:/devkitpro/devkitarm/bin/../lib/gcc/arm-none-eabi/10.2.0/../../../../arm-none-eabi/lib/armv6k/fpu\libg.a(lib_a-fvwrite.o)
                0x00000000001175a4                __sfvwrite_r
 .text._fwalk_reent
                0x0000000000117a48       0x70 c:/devkitpro/devkitarm/bin/../lib/gcc/arm-none-eabi/10.2.0/../../../../arm-none-eabi/lib/armv6k/fpu\libg.a(lib_a-fwalk.o)
                0x0000000000117a48                _fwalk_reent
 .text.iswspace
                0x0000000000117ab8        0x8 c:/devkitpro/devkitarm/bin/../lib/gcc/arm-none-eabi/10.2.0/../../../../arm-none-eabi/lib/armv6k/fpu\libg.a(lib_a-iswspace.o)
                0x0000000000117ab8                iswspace
 .text._localeconv_r
                0x0000000000117ac0        0xc c:/devkitpro/devkitarm/bin/../lib/gcc/arm-none-eabi/10.2.0/../../../../arm-none-eabi/lib/armv6k/fpu\libg.a(lib_a-localeconv.o)
                0x0000000000117ac0                _localeconv_r
 .text.__locale_mb_cur_max
                0x0000000000117acc       0x10 c:/devkitpro/devkitarm/bin/../lib/gcc/arm-none-eabi/10.2.0/../../../../arm-none-eabi/lib/armv6k/fpu\libg.a(lib_a-locale.o)
                0x0000000000117acc                __locale_mb_cur_max
 .text.__smakebuf_r
                0x0000000000117adc      0x138 c:/devkitpro/devkitarm/bin/../lib/gcc/arm-none-eabi/10.2.0/../../../../arm-none-eabi/lib/armv6k/fpu\libg.a(lib_a-makebuf.o)
                0x0000000000117adc                __smakebuf_r
 .text.__swhatbuf_r
                0x0000000000117c14       0x94 c:/devkitpro/devkitarm/bin/../lib/gcc/arm-none-eabi/10.2.0/../../../../arm-none-eabi/lib/armv6k/fpu\libg.a(lib_a-makebuf.o)
                0x0000000000117c14                __swhatbuf_r
 .text._mbrtowc_r
                0x0000000000117ca8       0x68 c:/devkitpro/devkitarm/bin/../lib/gcc/arm-none-eabi/10.2.0/../../../../arm-none-eabi/lib/armv6k/fpu\libg.a(lib_a-mbrtowc.o)
                0x0000000000117ca8                _mbrtowc_r
 .text.__utf8_mbtowc
                0x0000000000117d10      0x2fc c:/devkitpro/devkitarm/bin/../lib/gcc/arm-none-eabi/10.2.0/../../../../arm-none-eabi/lib/armv6k/fpu\libg.a(lib_a-mbtowc_r.o)
                0x0000000000117d10                __utf8_mbtowc
 .text.memmove  0x000000000011800c      0x154 c:/devkitpro/devkitarm/bin/../lib/gcc/arm-none-eabi/10.2.0/../../../../arm-none-eabi/lib/armv6k/fpu\libg.a(lib_a-memmove.o)
                0x000000000011800c                memmove
 .text._Balloc  0x0000000000118160       0x88 c:/devkitpro/devkitarm/bin/../lib/gcc/arm-none-eabi/10.2.0/../../../../arm-none-eabi/lib/armv6k/fpu\libg.a(lib_a-mprec.o)
                0x0000000000118160                _Balloc
 .text._Bfree   0x00000000001181e8       0x1c c:/devkitpro/devkitarm/bin/../lib/gcc/arm-none-eabi/10.2.0/../../../../arm-none-eabi/lib/armv6k/fpu\libg.a(lib_a-mprec.o)
                0x00000000001181e8                _Bfree
 .text.__multadd
                0x0000000000118204       0xf4 c:/devkitpro/devkitarm/bin/../lib/gcc/arm-none-eabi/10.2.0/../../../../arm-none-eabi/lib/armv6k/fpu\libg.a(lib_a-mprec.o)
                0x0000000000118204                __multadd
 .text.__s2b    0x00000000001182f8      0x110 c:/devkitpro/devkitarm/bin/../lib/gcc/arm-none-eabi/10.2.0/../../../../arm-none-eabi/lib/armv6k/fpu\libg.a(lib_a-mprec.o)
                0x00000000001182f8                __s2b
 .text.__hi0bits
                0x0000000000118408       0x58 c:/devkitpro/devkitarm/bin/../lib/gcc/arm-none-eabi/10.2.0/../../../../arm-none-eabi/lib/armv6k/fpu\libg.a(lib_a-mprec.o)
                0x0000000000118408                __hi0bits
 .text.__lo0bits
                0x0000000000118460       0x9c c:/devkitpro/devkitarm/bin/../lib/gcc/arm-none-eabi/10.2.0/../../../../arm-none-eabi/lib/armv6k/fpu\libg.a(lib_a-mprec.o)
                0x0000000000118460                __lo0bits
 .text.__i2b    0x00000000001184fc       0xa4 c:/devkitpro/devkitarm/bin/../lib/gcc/arm-none-eabi/10.2.0/../../../../arm-none-eabi/lib/armv6k/fpu\libg.a(lib_a-mprec.o)
                0x00000000001184fc                __i2b
 .text.__multiply
                0x00000000001185a0      0x204 c:/devkitpro/devkitarm/bin/../lib/gcc/arm-none-eabi/10.2.0/../../../../arm-none-eabi/lib/armv6k/fpu\libg.a(lib_a-mprec.o)
                0x00000000001185a0                __multiply
 .text.__pow5mult
                0x00000000001187a4      0x120 c:/devkitpro/devkitarm/bin/../lib/gcc/arm-none-eabi/10.2.0/../../../../arm-none-eabi/lib/armv6k/fpu\libg.a(lib_a-mprec.o)
                0x00000000001187a4                __pow5mult
 .text.__lshift
                0x00000000001188c4      0x13c c:/devkitpro/devkitarm/bin/../lib/gcc/arm-none-eabi/10.2.0/../../../../arm-none-eabi/lib/armv6k/fpu\libg.a(lib_a-mprec.o)
                0x00000000001188c4                __lshift
 .text.__mcmp   0x0000000000118a00       0x58 c:/devkitpro/devkitarm/bin/../lib/gcc/arm-none-eabi/10.2.0/../../../../arm-none-eabi/lib/armv6k/fpu\libg.a(lib_a-mprec.o)
                0x0000000000118a00                __mcmp
 .text.__mdiff  0x0000000000118a58      0x1cc c:/devkitpro/devkitarm/bin/../lib/gcc/arm-none-eabi/10.2.0/../../../../arm-none-eabi/lib/armv6k/fpu\libg.a(lib_a-mprec.o)
                0x0000000000118a58                __mdiff
 .text.__ulp    0x0000000000118c24       0x88 c:/devkitpro/devkitarm/bin/../lib/gcc/arm-none-eabi/10.2.0/../../../../arm-none-eabi/lib/armv6k/fpu\libg.a(lib_a-mprec.o)
                0x0000000000118c24                __ulp
 .text.__b2d    0x0000000000118cac       0xd4 c:/devkitpro/devkitarm/bin/../lib/gcc/arm-none-eabi/10.2.0/../../../../arm-none-eabi/lib/armv6k/fpu\libg.a(lib_a-mprec.o)
                0x0000000000118cac                __b2d
 .text.__d2b    0x0000000000118d80      0x12c c:/devkitpro/devkitarm/bin/../lib/gcc/arm-none-eabi/10.2.0/../../../../arm-none-eabi/lib/armv6k/fpu\libg.a(lib_a-mprec.o)
                0x0000000000118d80                __d2b
 .text.__ratio  0x0000000000118eac       0x78 c:/devkitpro/devkitarm/bin/../lib/gcc/arm-none-eabi/10.2.0/../../../../arm-none-eabi/lib/armv6k/fpu\libg.a(lib_a-mprec.o)
                0x0000000000118eac                __ratio
 .text.__copybits
                0x0000000000118f24       0x88 c:/devkitpro/devkitarm/bin/../lib/gcc/arm-none-eabi/10.2.0/../../../../arm-none-eabi/lib/armv6k/fpu\libg.a(lib_a-mprec.o)
                0x0000000000118f24                __copybits
 .text.__any_on
                0x0000000000118fac       0x5c c:/devkitpro/devkitarm/bin/../lib/gcc/arm-none-eabi/10.2.0/../../../../arm-none-eabi/lib/armv6k/fpu\libg.a(lib_a-mprec.o)
                0x0000000000118fac                __any_on
 .text.realloc  0x0000000000119008       0x28 c:/devkitpro/devkitarm/bin/../lib/gcc/arm-none-eabi/10.2.0/../../../../arm-none-eabi/lib/armv6k/fpu\libg.a(lib_a-realloc.o)
                0x0000000000119008                realloc
 .text._realloc_r
                0x0000000000119030      0x598 c:/devkitpro/devkitarm/bin/../lib/gcc/arm-none-eabi/10.2.0/../../../../arm-none-eabi/lib/armv6k/fpu\libg.a(lib_a-reallocr.o)
                0x0000000000119030                _realloc_r
 .text.__sccl   0x00000000001195c8       0xe4 c:/devkitpro/devkitarm/bin/../lib/gcc/arm-none-eabi/10.2.0/../../../../arm-none-eabi/lib/armv6k/fpu\libg.a(lib_a-sccl.o)
                0x00000000001195c8                __sccl
 .text.nanf     0x00000000001196ac        0xc c:/devkitpro/devkitarm/bin/../lib/gcc/arm-none-eabi/10.2.0/../../../../arm-none-eabi/lib/armv6k/fpu\libg.a(lib_a-sf_nan.o)
                0x00000000001196ac                nanf
 .text.frexp    0x00000000001196b8       0xa8 c:/devkitpro/devkitarm/bin/../lib/gcc/arm-none-eabi/10.2.0/../../../../arm-none-eabi/lib/armv6k/fpu\libg.a(lib_a-s_frexp.o)
                0x00000000001196b8                frexp
 .text.sprintf  0x0000000000119760       0x64 c:/devkitpro/devkitarm/bin/../lib/gcc/arm-none-eabi/10.2.0/../../../../arm-none-eabi/lib/armv6k/fpu\libg.a(lib_a-sprintf.o)
                0x0000000000119760                sprintf
 .text.stpncpy  0x00000000001197c4       0xb8 c:/devkitpro/devkitarm/bin/../lib/gcc/arm-none-eabi/10.2.0/../../../../arm-none-eabi/lib/armv6k/fpu\libg.a(lib_a-stpncpy.o)
                0x00000000001197c4                stpncpy
 .text.strchr   0x000000000011987c      0x144 c:/devkitpro/devkitarm/bin/../lib/gcc/arm-none-eabi/10.2.0/../../../../arm-none-eabi/lib/armv6k/fpu\libg.a(lib_a-strchr.o)
                0x000000000011987c                strchr
 .text._strtod_l
                0x00000000001199c0     0x130c c:/devkitpro/devkitarm/bin/../lib/gcc/arm-none-eabi/10.2.0/../../../../arm-none-eabi/lib/armv6k/fpu\libg.a(lib_a-strtod.o)
                0x00000000001199c0                _strtod_l
 .text._strtod_r
                0x000000000011accc        0xc c:/devkitpro/devkitarm/bin/../lib/gcc/arm-none-eabi/10.2.0/../../../../arm-none-eabi/lib/armv6k/fpu\libg.a(lib_a-strtod.o)
                0x000000000011accc                _strtod_r
 .text._strtoll_l.constprop.0
                0x000000000011acd8      0x22c c:/devkitpro/devkitarm/bin/../lib/gcc/arm-none-eabi/10.2.0/../../../../arm-none-eabi/lib/armv6k/fpu\libg.a(lib_a-strtoll.o)
 .text._strtoll_r
                0x000000000011af04        0x4 c:/devkitpro/devkitarm/bin/../lib/gcc/arm-none-eabi/10.2.0/../../../../arm-none-eabi/lib/armv6k/fpu\libg.a(lib_a-strtoll.o)
                0x000000000011af04                _strtoll_r
 .text._strtol_l.part.0
                0x000000000011af08      0x1b0 c:/devkitpro/devkitarm/bin/../lib/gcc/arm-none-eabi/10.2.0/../../../../arm-none-eabi/lib/armv6k/fpu\libg.a(lib_a-strtol.o)
 .text._strtol_r
                0x000000000011b0b8       0x3c c:/devkitpro/devkitarm/bin/../lib/gcc/arm-none-eabi/10.2.0/../../../../arm-none-eabi/lib/armv6k/fpu\libg.a(lib_a-strtol.o)
                0x000000000011b0b8                _strtol_r
 .text._strtoull_l.constprop.0
                0x000000000011b0f4      0x244 c:/devkitpro/devkitarm/bin/../lib/gcc/arm-none-eabi/10.2.0/../../../../arm-none-eabi/lib/armv6k/fpu\libg.a(lib_a-strtoull.o)
 .text._strtoull_r
                0x000000000011b338        0x4 c:/devkitpro/devkitarm/bin/../lib/gcc/arm-none-eabi/10.2.0/../../../../arm-none-eabi/lib/armv6k/fpu\libg.a(lib_a-strtoull.o)
                0x000000000011b338                _strtoull_r
 .text._strtoul_l.constprop.0
                0x000000000011b33c      0x1c8 c:/devkitpro/devkitarm/bin/../lib/gcc/arm-none-eabi/10.2.0/../../../../arm-none-eabi/lib/armv6k/fpu\libg.a(lib_a-strtoul.o)
 .text._strtoul_r
                0x000000000011b504        0x4 c:/devkitpro/devkitarm/bin/../lib/gcc/arm-none-eabi/10.2.0/../../../../arm-none-eabi/lib/armv6k/fpu\libg.a(lib_a-strtoul.o)
                0x000000000011b504                _strtoul_r
 .text.__ssprint_r
                0x000000000011b508      0x188 c:/devkitpro/devkitarm/bin/../lib/gcc/arm-none-eabi/10.2.0/../../../../arm-none-eabi/lib/armv6k/fpu\libg.a(lib_a-svfiprintf.o)
                0x000000000011b508                __ssprint_r
 .text._sungetc_r
                0x000000000011b690       0xe0 c:/devkitpro/devkitarm/bin/../lib/gcc/arm-none-eabi/10.2.0/../../../../arm-none-eabi/lib/armv6k/fpu\libg.a(lib_a-svfiscanf.o)
                0x000000000011b690                _sungetc_r
 .text.__ssrefill_r
                0x000000000011b770       0x6c c:/devkitpro/devkitarm/bin/../lib/gcc/arm-none-eabi/10.2.0/../../../../arm-none-eabi/lib/armv6k/fpu\libg.a(lib_a-svfiscanf.o)
                0x000000000011b770                __ssrefill_r
 .text._sfread_r
                0x000000000011b7dc       0xc8 c:/devkitpro/devkitarm/bin/../lib/gcc/arm-none-eabi/10.2.0/../../../../arm-none-eabi/lib/armv6k/fpu\libg.a(lib_a-svfiscanf.o)
                0x000000000011b7dc                _sfread_r
 .text.get_arg  0x000000000011b8a4      0x64c c:/devkitpro/devkitarm/bin/../lib/gcc/arm-none-eabi/10.2.0/../../../../arm-none-eabi/lib/armv6k/fpu\libg.a(lib_a-svfprintf.o)
 .text._svfprintf_r
                0x000000000011bef0     0x3808 c:/devkitpro/devkitarm/bin/../lib/gcc/arm-none-eabi/10.2.0/../../../../arm-none-eabi/lib/armv6k/fpu\libg.a(lib_a-svfprintf.o)
                0x000000000011bef0                _svfprintf_r
 .text.__submore
                0x000000000011f6f8       0xa8 c:/devkitpro/devkitarm/bin/../lib/gcc/arm-none-eabi/10.2.0/../../../../arm-none-eabi/lib/armv6k/fpu\libg.a(lib_a-ungetc.o)
                0x000000000011f6f8                __submore
 .text._wcsnrtombs_l
                0x000000000011f7a0      0x190 c:/devkitpro/devkitarm/bin/../lib/gcc/arm-none-eabi/10.2.0/../../../../arm-none-eabi/lib/armv6k/fpu\libg.a(lib_a-wcsnrtombs.o)
                0x000000000011f7a0                _wcsnrtombs_l
 .text._wcsnrtombs_r
                0x000000000011f930       0x4c c:/devkitpro/devkitarm/bin/../lib/gcc/arm-none-eabi/10.2.0/../../../../arm-none-eabi/lib/armv6k/fpu\libg.a(lib_a-wcsnrtombs.o)
                0x000000000011f930                _wcsnrtombs_r
 .text.__utf8_wctomb
                0x000000000011f97c       0xf0 c:/devkitpro/devkitarm/bin/../lib/gcc/arm-none-eabi/10.2.0/../../../../arm-none-eabi/lib/armv6k/fpu\libg.a(lib_a-wctomb_r.o)
                0x000000000011f97c                __utf8_wctomb
 .text.__assert_func
                0x000000000011fa6c       0x5c c:/devkitpro/devkitarm/bin/../lib/gcc/arm-none-eabi/10.2.0/../../../../arm-none-eabi/lib/armv6k/fpu\libg.a(lib_a-assert.o)
                0x000000000011fa6c                __assert_func
 .text._calloc_r
                0x000000000011fac8       0x94 c:/devkitpro/devkitarm/bin/../lib/gcc/arm-none-eabi/10.2.0/../../../../arm-none-eabi/lib/armv6k/fpu\libg.a(lib_a-callocr.o)
                0x000000000011fac8                _calloc_r
 .text._fclose_r
                0x000000000011fb5c      0x160 c:/devkitpro/devkitarm/bin/../lib/gcc/arm-none-eabi/10.2.0/../../../../arm-none-eabi/lib/armv6k/fpu\libg.a(lib_a-fclose.o)
                0x000000000011fb5c                _fclose_r
 .text.fiprintf
                0x000000000011fcbc       0x3c c:/devkitpro/devkitarm/bin/../lib/gcc/arm-none-eabi/10.2.0/../../../../arm-none-eabi/lib/armv6k/fpu\libg.a(lib_a-fiprintf.o)
                0x000000000011fcbc                fiprintf
 .text.rshift   0x000000000011fcf8       0xec c:/devkitpro/devkitarm/bin/../lib/gcc/arm-none-eabi/10.2.0/../../../../arm-none-eabi/lib/armv6k/fpu\libg.a(lib_a-gdtoa-gethex.o)
 .text.__gethex
                0x000000000011fde4      0x928 c:/devkitpro/devkitarm/bin/../lib/gcc/arm-none-eabi/10.2.0/../../../../arm-none-eabi/lib/armv6k/fpu\libg.a(lib_a-gdtoa-gethex.o)
                0x000000000011fde4                __gethex
 .text.__match  0x000000000012070c       0x4c c:/devkitpro/devkitarm/bin/../lib/gcc/arm-none-eabi/10.2.0/../../../../arm-none-eabi/lib/armv6k/fpu\libg.a(lib_a-gdtoa-hexnan.o)
                0x000000000012070c                __match
 .text.__hexnan
                0x0000000000120758      0x29c c:/devkitpro/devkitarm/bin/../lib/gcc/arm-none-eabi/10.2.0/../../../../arm-none-eabi/lib/armv6k/fpu\libg.a(lib_a-gdtoa-hexnan.o)
                0x0000000000120758                __hexnan
 .text.iswspace_l
                0x00000000001209f4       0x3c c:/devkitpro/devkitarm/bin/../lib/gcc/arm-none-eabi/10.2.0/../../../../arm-none-eabi/lib/armv6k/fpu\libg.a(lib_a-iswspace_l.o)
                0x00000000001209f4                iswspace_l
 .text.__jp2uc  0x0000000000120a30      0x1d4 c:/devkitpro/devkitarm/bin/../lib/gcc/arm-none-eabi/10.2.0/../../../../arm-none-eabi/lib/armv6k/fpu\libg.a(lib_a-jp2uc.o)
 .text._jp2uc_l
                0x0000000000120c04       0x9c c:/devkitpro/devkitarm/bin/../lib/gcc/arm-none-eabi/10.2.0/../../../../arm-none-eabi/lib/armv6k/fpu\libg.a(lib_a-jp2uc.o)
                0x0000000000120c04                _jp2uc_l
 .text.nan      0x0000000000120ca0       0x10 c:/devkitpro/devkitarm/bin/../lib/gcc/arm-none-eabi/10.2.0/../../../../arm-none-eabi/lib/armv6k/fpu\libg.a(lib_a-s_nan.o)
                0x0000000000120ca0                nan
 .text.abort    0x0000000000120cb0       0x14 c:/devkitpro/devkitarm/bin/../lib/gcc/arm-none-eabi/10.2.0/../../../../arm-none-eabi/lib/armv6k/fpu\libg.a(lib_a-abort.o)
                0x0000000000120cb0                abort
 .text.category
                0x0000000000120cc4       0x84 c:/devkitpro/devkitarm/bin/../lib/gcc/arm-none-eabi/10.2.0/../../../../arm-none-eabi/lib/armv6k/fpu\libg.a(lib_a-categories.o)
                0x0000000000120cc4                category
 .text._raise_r
                0x0000000000120d48       0x98 c:/devkitpro/devkitarm/bin/../lib/gcc/arm-none-eabi/10.2.0/../../../../arm-none-eabi/lib/armv6k/fpu\libg.a(lib_a-signal.o)
                0x0000000000120d48                _raise_r
 .text.raise    0x0000000000120de0       0x20 c:/devkitpro/devkitarm/bin/../lib/gcc/arm-none-eabi/10.2.0/../../../../arm-none-eabi/lib/armv6k/fpu\libg.a(lib_a-signal.o)
                0x0000000000120de0                raise
 .text.null_write
                0x0000000000120e00        0x8 c:/devkitpro/devkitarm/bin/../lib/gcc/arm-none-eabi/10.2.0/../../../../arm-none-eabi/lib/armv6k/fpu\libsysbase.a(iosupport.o)
 .text.setDefaultDevice
                0x0000000000120e08       0x18 c:/devkitpro/devkitarm/bin/../lib/gcc/arm-none-eabi/10.2.0/../../../../arm-none-eabi/lib/armv6k/fpu\libsysbase.a(iosupport.o)
                0x0000000000120e08                setDefaultDevice
 .text.FindDevice
                0x0000000000120e20       0xc8 c:/devkitpro/devkitarm/bin/../lib/gcc/arm-none-eabi/10.2.0/../../../../arm-none-eabi/lib/armv6k/fpu\libsysbase.a(iosupport.o)
                0x0000000000120e20                FindDevice
 .text.RemoveDevice
                0x0000000000120ee8       0x28 c:/devkitpro/devkitarm/bin/../lib/gcc/arm-none-eabi/10.2.0/../../../../arm-none-eabi/lib/armv6k/fpu\libsysbase.a(iosupport.o)
                0x0000000000120ee8                RemoveDevice
 .text.AddDevice
                0x0000000000120f10       0x9c c:/devkitpro/devkitarm/bin/../lib/gcc/arm-none-eabi/10.2.0/../../../../arm-none-eabi/lib/armv6k/fpu\libsysbase.a(iosupport.o)
                0x0000000000120f10                AddDevice
 .text.GetDeviceOpTab
                0x0000000000120fac       0x20 c:/devkitpro/devkitarm/bin/../lib/gcc/arm-none-eabi/10.2.0/../../../../arm-none-eabi/lib/armv6k/fpu\libsysbase.a(iosupport.o)
                0x0000000000120fac                GetDeviceOpTab
 .text._fstat_r
                0x0000000000120fcc       0x78 c:/devkitpro/devkitarm/bin/../lib/gcc/arm-none-eabi/10.2.0/../../../../arm-none-eabi/lib/armv6k/fpu\libsysbase.a(fstat.o)
                0x0000000000120fcc                _fstat_r
 .text._getpid_r
                0x0000000000121044       0x14 c:/devkitpro/devkitarm/bin/../lib/gcc/arm-none-eabi/10.2.0/../../../../arm-none-eabi/lib/armv6k/fpu\libsysbase.a(getpid.o)
                0x0000000000121044                _getpid_r
 .text._isatty_r
                0x0000000000121058        0x8 c:/devkitpro/devkitarm/bin/../lib/gcc/arm-none-eabi/10.2.0/../../../../arm-none-eabi/lib/armv6k/fpu\libsysbase.a(isatty.o)
                0x0000000000121058                _isatty_r
 .text._kill_r  0x0000000000121060       0x14 c:/devkitpro/devkitarm/bin/../lib/gcc/arm-none-eabi/10.2.0/../../../../arm-none-eabi/lib/armv6k/fpu\libsysbase.a(kill.o)
                0x0000000000121060                _kill_r
 .text._lseek_r
                0x0000000000121074       0x84 c:/devkitpro/devkitarm/bin/../lib/gcc/arm-none-eabi/10.2.0/../../../../arm-none-eabi/lib/armv6k/fpu\libsysbase.a(lseek.o)
                0x0000000000121074                _lseek_r
 .text._read_r  0x00000000001210f8       0x80 c:/devkitpro/devkitarm/bin/../lib/gcc/arm-none-eabi/10.2.0/../../../../arm-none-eabi/lib/armv6k/fpu\libsysbase.a(read.o)
                0x00000000001210f8                _read_r
 .text._sbrk_r  0x0000000000121178       0x78 c:/devkitpro/devkitarm/bin/../lib/gcc/arm-none-eabi/10.2.0/../../../../arm-none-eabi/lib/armv6k/fpu\libsysbase.a(sbrk.o)
                0x0000000000121178                _sbrk_r
 .text._write_r
                0x00000000001211f0       0x80 c:/devkitpro/devkitarm/bin/../lib/gcc/arm-none-eabi/10.2.0/../../../../arm-none-eabi/lib/armv6k/fpu\libsysbase.a(write.o)
                0x00000000001211f0                _write_r
 .text._exit    0x0000000000121270       0x24 c:/devkitpro/devkitarm/bin/../lib/gcc/arm-none-eabi/10.2.0/../../../../arm-none-eabi/lib/armv6k/fpu\libsysbase.a(_exit.o)
                0x0000000000121270                _exit
 .text._concatenate_path
                0x0000000000121294      0x1b8 c:/devkitpro/devkitarm/bin/../lib/gcc/arm-none-eabi/10.2.0/../../../../arm-none-eabi/lib/armv6k/fpu\libsysbase.a(chdir.o)
                0x0000000000121294                _concatenate_path
 .text.chdir    0x000000000012144c      0x160 c:/devkitpro/devkitarm/bin/../lib/gcc/arm-none-eabi/10.2.0/../../../../arm-none-eabi/lib/armv6k/fpu\libsysbase.a(chdir.o)
                0x000000000012144c                chdir
 .text.__flockfile
                0x00000000001215ac        0x8 c:/devkitpro/devkitarm/bin/../lib/gcc/arm-none-eabi/10.2.0/../../../../arm-none-eabi/lib/armv6k/fpu\libsysbase.a(flock.o)
                0x00000000001215ac                __flockfile
 .text.__funlockfile
                0x00000000001215b4        0x8 c:/devkitpro/devkitarm/bin/../lib/gcc/arm-none-eabi/10.2.0/../../../../arm-none-eabi/lib/armv6k/fpu\libsysbase.a(flock.o)
                0x00000000001215b4                __funlockfile
 .text.__libc_lock_acquire
                0x00000000001215bc       0x18 c:/devkitpro/devkitarm/bin/../lib/gcc/arm-none-eabi/10.2.0/../../../../arm-none-eabi/lib/armv6k/fpu\libsysbase.a(syscall_support.o)
                0x00000000001215bc                __libc_lock_acquire
 .text.__libc_lock_release
                0x00000000001215d4       0x18 c:/devkitpro/devkitarm/bin/../lib/gcc/arm-none-eabi/10.2.0/../../../../arm-none-eabi/lib/armv6k/fpu\libsysbase.a(syscall_support.o)
                0x00000000001215d4                __libc_lock_release
 .text.__libc_lock_init_recursive
                0x00000000001215ec       0x18 c:/devkitpro/devkitarm/bin/../lib/gcc/arm-none-eabi/10.2.0/../../../../arm-none-eabi/lib/armv6k/fpu\libsysbase.a(syscall_support.o)
                0x00000000001215ec                __libc_lock_init_recursive
 .text.__libc_lock_acquire_recursive
                0x0000000000121604       0x18 c:/devkitpro/devkitarm/bin/../lib/gcc/arm-none-eabi/10.2.0/../../../../arm-none-eabi/lib/armv6k/fpu\libsysbase.a(syscall_support.o)
                0x0000000000121604                __libc_lock_acquire_recursive
 .text.__libc_lock_release_recursive
                0x000000000012161c       0x18 c:/devkitpro/devkitarm/bin/../lib/gcc/arm-none-eabi/10.2.0/../../../../arm-none-eabi/lib/armv6k/fpu\libsysbase.a(syscall_support.o)
                0x000000000012161c                __libc_lock_release_recursive
 .text.__libc_lock_close_recursive
                0x0000000000121634       0x18 c:/devkitpro/devkitarm/bin/../lib/gcc/arm-none-eabi/10.2.0/../../../../arm-none-eabi/lib/armv6k/fpu\libsysbase.a(syscall_support.o)
                0x0000000000121634                __libc_lock_close_recursive
 .text.__get_handle
                0x000000000012164c       0x3c c:/devkitpro/devkitarm/bin/../lib/gcc/arm-none-eabi/10.2.0/../../../../arm-none-eabi/lib/armv6k/fpu\libsysbase.a(handle_manager.o)
                0x000000000012164c                __get_handle
 .text._close_r
                0x0000000000121688       0xf4 c:/devkitpro/devkitarm/bin/../lib/gcc/arm-none-eabi/10.2.0/../../../../arm-none-eabi/lib/armv6k/fpu\libsysbase.a(handle_manager.o)
                0x0000000000121688                _close_r
 .text.__getreent
                0x000000000012177c       0x28 c:/devkitpro/devkitarm/bin/../lib/gcc/arm-none-eabi/10.2.0/../../../../arm-none-eabi/lib/armv6k/fpu\libsysbase.a(getreent.o)
                0x000000000012177c                __getreent
 .text.__fixdfdi
                0x00000000001217a4       0x38 c:/devkitpro/devkitarm/bin/../lib/gcc/arm-none-eabi/10.2.0/armv6k/fpu\libgcc.a(_fixdfdi.o)
                0x00000000001217a4                __fixdfdi
                0x00000000001217a4                __aeabi_d2lz
 *fill*         0x00000000001217dc        0x4 
 .text.__fixunsdfdi
                0x00000000001217e0       0x40 c:/devkitpro/devkitarm/bin/../lib/gcc/arm-none-eabi/10.2.0/armv6k/fpu\libgcc.a(_fixunsdfdi.o)
                0x00000000001217e0                __fixunsdfdi
                0x00000000001217e0                __aeabi_d2ulz
 .text.strrchr  0x0000000000121820       0x44 c:/devkitpro/devkitarm/bin/../lib/gcc/arm-none-eabi/10.2.0/../../../../arm-none-eabi/lib/armv6k/fpu\libg.a(lib_a-strrchr.o)
                0x0000000000121820                strrchr
 *(.glue_7)
 .glue_7        0x0000000000121864        0x0 linker stubs
 *(.glue_7t)
 .glue_7t       0x0000000000121864        0x0 linker stubs
 *(.stub)
 *(.gnu.warning)
 *(.gnu.linkonce.t*)
                0x0000000000121864                . = ALIGN (0x4)
 *(.fini)
 .fini          0x0000000000121864        0xc c:/devkitpro/devkitarm/bin/../lib/gcc/arm-none-eabi/10.2.0/armv6k/fpu/crti.o
                0x0000000000121864                _fini
 .fini          0x0000000000121870        0xc c:/devkitpro/devkitarm/bin/../lib/gcc/arm-none-eabi/10.2.0/armv6k/fpu/crtn.o
                0x000000000012187c                . = ALIGN (0x4)

.vfp11_veneer   0x000000000012187c        0x0
 .vfp11_veneer  0x000000000012187c        0x0 linker stubs

.v4_bx          0x000000000012187c        0x0
 .v4_bx         0x000000000012187c        0x0 linker stubs

.iplt           0x000000000012187c        0x0
 .iplt          0x000000000012187c        0x0 c:/devkitpro/devkitarm/bin/../lib/gcc/arm-none-eabi/10.2.0/../../../../arm-none-eabi/lib/armv6k/fpu/3dsx_crt0.o
                0x0000000000122000                . = ALIGN (0x1000)

.rodata         0x0000000000122000    0x3fda8
 *(.rodata)
 .rodata        0x0000000000122000        0x3 C:/devkitPro/libctru/lib\libctru.a(apt.o)
 *fill*         0x0000000000122003        0x1 
 .rodata        0x0000000000122004        0xc C:/devkitPro/libctru/lib\libctru.a(archive_dev.o)
 *(.roda)
 *(.rodata.*)
 .rodata.sound_bgr
                0x0000000000122010    0x38400 sound.bgr.o
                0x0000000000122010                sound_bgr
                0x000000000015a410                sound_bgr_end
 .rodata.str1.4
                0x000000000015a410       0x58 colors.o
 .rodata.str1.4
                0x000000000015a468       0x31 main.o
 *fill*         0x000000000015a499        0x3 
 .rodata.con_write.str1.4
                0x000000000015a49c       0x52 C:/devkitPro/libctru/lib\libctru.a(console.o)
 *fill*         0x000000000015a4ee        0x2 
 .rodata.str1.4
                0x000000000015a4f0       0x10 C:/devkitPro/libctru/lib\libctru.a(console.o)
 .rodata.colorTable
                0x000000000015a500       0x30 C:/devkitPro/libctru/lib\libctru.a(console.o)
 .rodata.dotab_stdout
                0x000000000015a530       0x70 C:/devkitPro/libctru/lib\libctru.a(console.o)
 .rodata.gspInit.str1.4
                0x000000000015a5a0        0x9 C:/devkitPro/libctru/lib\libctru.a(gspgpu.o)
 *fill*         0x000000000015a5a9        0x3 
 .rodata.mcuHwcInit.str1.4
                0x000000000015a5ac        0x9 C:/devkitPro/libctru/lib\libctru.a(mcuhwc.o)
 *fill*         0x000000000015a5b5        0x3 
 .rodata.aptSendCommand.str1.4
                0x000000000015a5b8       0x16 C:/devkitPro/libctru/lib\libctru.a(apt.o)
 *fill*         0x000000000015a5ce        0x2 
 .rodata.morton_x.3
                0x000000000015a5d0        0x8 C:/devkitPro/libctru/lib\libctru.a(apt.o)
 .rodata.morton_y.2
                0x000000000015a5d8        0x8 C:/devkitPro/libctru/lib\libctru.a(apt.o)
 .rodata.s_sleepWakeEvents.4
                0x000000000015a5e0        0x8 C:/devkitPro/libctru/lib\libctru.a(apt.o)
 .rodata.hidInit.str1.4
                0x000000000015a5e8       0x15 C:/devkitPro/libctru/lib\libctru.a(hid.o)
 *fill*         0x000000000015a5fd        0x3 
 .rodata.default_font_bin
                0x000000000015a600      0x800 C:/devkitPro/libctru/lib\libctru.a(default_font.bin.o)
                0x000000000015a600                default_font_bin
                0x000000000015ae00                default_font_bin_end
 .rodata.srvInit.str1.4
                0x000000000015ae00        0x5 C:/devkitPro/libctru/lib\libctru.a(srv.o)
 *fill*         0x000000000015ae05        0x3 
 .rodata.irrstInit.str1.4
                0x000000000015ae08        0x7 C:/devkitPro/libctru/lib\libctru.a(irrst.o)
 *fill*         0x000000000015ae0f        0x1 
 .rodata.ptmSysmInit.str1.4
                0x000000000015ae10        0x9 C:/devkitPro/libctru/lib\libctru.a(ptmsysm.o)
 *fill*         0x000000000015ae19        0x3 
 .rodata.str1.4
                0x000000000015ae1c        0x8 C:/devkitPro/libctru/lib\libctru.a(archive_dev.o)
                                          0xc (size before relaxing)
 .rodata._archiveUnmountDeviceStruct.part.0.str1.4
                0x000000000015ae24        0x2 C:/devkitPro/libctru/lib\libctru.a(archive_dev.o)
 *fill*         0x000000000015ae26        0x2 
 .rodata._archiveMountDevice.str1.4
                0x000000000015ae28        0x8 C:/devkitPro/libctru/lib\libctru.a(archive_dev.o)
 .rodata.archiveMountSdmc.str1.4
                0x000000000015ae30        0x5 C:/devkitPro/libctru/lib\libctru.a(archive_dev.o)
 *fill*         0x000000000015ae35        0x3 
 .rodata.archive_devoptab
                0x000000000015ae38       0x70 C:/devkitPro/libctru/lib\libctru.a(archive_dev.o)
 .rodata.error_table
                0x000000000015aea8       0x30 C:/devkitPro/libctru/lib\libctru.a(archive_dev.o)
 .rodata.fsInit.str1.4
                0x000000000015aed8        0x8 C:/devkitPro/libctru/lib\libctru.a(fs.o)
 .rodata._global_impure_ptr
                0x000000000015aee0        0x4 c:/devkitpro/devkitarm/bin/../lib/gcc/arm-none-eabi/10.2.0/../../../../arm-none-eabi/lib/armv6k/fpu\libg.a(lib_a-impure.o)
                0x000000000015aee0                _global_impure_ptr
 .rodata.__ssvfscanf_r.str1.1
                0x000000000015aee4        0x5 c:/devkitpro/devkitarm/bin/../lib/gcc/arm-none-eabi/10.2.0/../../../../arm-none-eabi/lib/armv6k/fpu\libg.a(lib_a-svfscanf.o)
                                          0x6 (size before relaxing)
 *fill*         0x000000000015aee9        0x3 
 .rodata.basefix.0
                0x000000000015aeec       0x22 c:/devkitpro/devkitarm/bin/../lib/gcc/arm-none-eabi/10.2.0/../../../../arm-none-eabi/lib/armv6k/fpu\libg.a(lib_a-svfscanf.o)
 .rodata._vfiprintf_r.str1.1
                0x000000000015af0e       0x29 c:/devkitpro/devkitarm/bin/../lib/gcc/arm-none-eabi/10.2.0/../../../../arm-none-eabi/lib/armv6k/fpu\libg.a(lib_a-vfiprintf.o)
 *fill*         0x000000000015af37        0x1 
 .rodata.blanks.1
                0x000000000015af38       0x10 c:/devkitpro/devkitarm/bin/../lib/gcc/arm-none-eabi/10.2.0/../../../../arm-none-eabi/lib/armv6k/fpu\libg.a(lib_a-vfiprintf.o)
 .rodata.zeroes.0
                0x000000000015af48       0x10 c:/devkitpro/devkitarm/bin/../lib/gcc/arm-none-eabi/10.2.0/../../../../arm-none-eabi/lib/armv6k/fpu\libg.a(lib_a-vfiprintf.o)
 .rodata._vfprintf_r.str1.1
                0x000000000015af58       0x12 c:/devkitpro/devkitarm/bin/../lib/gcc/arm-none-eabi/10.2.0/../../../../arm-none-eabi/lib/armv6k/fpu\libg.a(lib_a-vfprintf.o)
                                         0x3b (size before relaxing)
 *fill*         0x000000000015af6a        0x2 
 .rodata.blanks.1
                0x000000000015af6c       0x10 c:/devkitpro/devkitarm/bin/../lib/gcc/arm-none-eabi/10.2.0/../../../../arm-none-eabi/lib/armv6k/fpu\libg.a(lib_a-vfprintf.o)
 .rodata.zeroes.0
                0x000000000015af7c       0x10 c:/devkitpro/devkitarm/bin/../lib/gcc/arm-none-eabi/10.2.0/../../../../arm-none-eabi/lib/armv6k/fpu\libg.a(lib_a-vfprintf.o)
 .rodata._ctype_
                0x000000000015af8c      0x101 c:/devkitpro/devkitarm/bin/../lib/gcc/arm-none-eabi/10.2.0/../../../../arm-none-eabi/lib/armv6k/fpu\libg.a(lib_a-ctype_.o)
                0x000000000015af8c                _ctype_
 *fill*         0x000000000015b08d        0x3 
 .rodata._dtoa_r.str1.4
                0x000000000015b090       0x67 c:/devkitpro/devkitarm/bin/../lib/gcc/arm-none-eabi/10.2.0/../../../../arm-none-eabi/lib/armv6k/fpu\libg.a(lib_a-dtoa.o)
 *fill*         0x000000000015b0f7        0x1 
 .rodata.str1.4
                0x000000000015b0f8       0x48 c:/devkitpro/devkitarm/bin/../lib/gcc/arm-none-eabi/10.2.0/../../../../arm-none-eabi/lib/armv6k/fpu\libg.a(lib_a-locale.o)
                                         0x4c (size before relaxing)
 .rodata._mbrtowc_r.str1.4
                0x000000000015b140        0x1 c:/devkitpro/devkitarm/bin/../lib/gcc/arm-none-eabi/10.2.0/../../../../arm-none-eabi/lib/armv6k/fpu\libg.a(lib_a-mbrtowc.o)
 .rodata.__multadd.str1.4
                0x000000000015b140       0x40 c:/devkitpro/devkitarm/bin/../lib/gcc/arm-none-eabi/10.2.0/../../../../arm-none-eabi/lib/armv6k/fpu\libg.a(lib_a-mprec.o)
                                         0x54 (size before relaxing)
 .rodata.__mprec_bigtens
                0x000000000015b180       0x28 c:/devkitpro/devkitarm/bin/../lib/gcc/arm-none-eabi/10.2.0/../../../../arm-none-eabi/lib/armv6k/fpu\libg.a(lib_a-mprec.o)
                0x000000000015b180                __mprec_bigtens
 .rodata.__mprec_tens
                0x000000000015b1a8       0xc8 c:/devkitpro/devkitarm/bin/../lib/gcc/arm-none-eabi/10.2.0/../../../../arm-none-eabi/lib/armv6k/fpu\libg.a(lib_a-mprec.o)
                0x000000000015b1a8                __mprec_tens
 .rodata.p05.0  0x000000000015b270        0xc c:/devkitpro/devkitarm/bin/../lib/gcc/arm-none-eabi/10.2.0/../../../../arm-none-eabi/lib/armv6k/fpu\libg.a(lib_a-mprec.o)
 .rodata._strtod_l.str1.4
                0x000000000015b27c        0xf c:/devkitpro/devkitarm/bin/../lib/gcc/arm-none-eabi/10.2.0/../../../../arm-none-eabi/lib/armv6k/fpu\libg.a(lib_a-strtod.o)
                                         0x11 (size before relaxing)
 *fill*         0x000000000015b28b        0x1 
 .rodata.fpi.1  0x000000000015b28c       0x14 c:/devkitpro/devkitarm/bin/../lib/gcc/arm-none-eabi/10.2.0/../../../../arm-none-eabi/lib/armv6k/fpu\libg.a(lib_a-strtod.o)
 .rodata.fpinan.0
                0x000000000015b2a0       0x14 c:/devkitpro/devkitarm/bin/../lib/gcc/arm-none-eabi/10.2.0/../../../../arm-none-eabi/lib/armv6k/fpu\libg.a(lib_a-strtod.o)
 *fill*         0x000000000015b2b4        0x4 
 .rodata.tinytens
                0x000000000015b2b8       0x28 c:/devkitpro/devkitarm/bin/../lib/gcc/arm-none-eabi/10.2.0/../../../../arm-none-eabi/lib/armv6k/fpu\libg.a(lib_a-strtod.o)
 .rodata.__action_table
                0x000000000015b2e0       0x6c c:/devkitpro/devkitarm/bin/../lib/gcc/arm-none-eabi/10.2.0/../../../../arm-none-eabi/lib/armv6k/fpu\libg.a(lib_a-svfiprintf.o)
                0x000000000015b2e0                __action_table
 .rodata.__chclass
                0x000000000015b34c      0x100 c:/devkitpro/devkitarm/bin/../lib/gcc/arm-none-eabi/10.2.0/../../../../arm-none-eabi/lib/armv6k/fpu\libg.a(lib_a-svfiprintf.o)
                0x000000000015b34c                __chclass
 .rodata.__state_table
                0x000000000015b44c       0x6c c:/devkitpro/devkitarm/bin/../lib/gcc/arm-none-eabi/10.2.0/../../../../arm-none-eabi/lib/armv6k/fpu\libg.a(lib_a-svfiprintf.o)
                0x000000000015b44c                __state_table
 .rodata._svfprintf_r.str1.1
                0x000000000015b4b8       0x3b c:/devkitpro/devkitarm/bin/../lib/gcc/arm-none-eabi/10.2.0/../../../../arm-none-eabi/lib/armv6k/fpu\libg.a(lib_a-svfprintf.o)
 .rodata.blanks.1
                0x000000000015b4b8       0x10 c:/devkitpro/devkitarm/bin/../lib/gcc/arm-none-eabi/10.2.0/../../../../arm-none-eabi/lib/armv6k/fpu\libg.a(lib_a-svfprintf.o)
 .rodata.zeroes.0
                0x000000000015b4c8       0x10 c:/devkitpro/devkitarm/bin/../lib/gcc/arm-none-eabi/10.2.0/../../../../arm-none-eabi/lib/armv6k/fpu\libg.a(lib_a-svfprintf.o)
 .rodata.__assert_func.str1.4
                0x000000000015b4d8       0x3f c:/devkitpro/devkitarm/bin/../lib/gcc/arm-none-eabi/10.2.0/../../../../arm-none-eabi/lib/armv6k/fpu\libg.a(lib_a-assert.o)
                                         0x43 (size before relaxing)
 *fill*         0x000000000015b517        0x1 
 .rodata.__gethex.str1.4
                0x000000000015b518       0x47 c:/devkitpro/devkitarm/bin/../lib/gcc/arm-none-eabi/10.2.0/../../../../arm-none-eabi/lib/armv6k/fpu\libg.a(lib_a-gdtoa-gethex.o)
                                         0x5b (size before relaxing)
 *fill*         0x000000000015b55f        0x1 
 .rodata.__hexdig
                0x000000000015b560      0x100 c:/devkitpro/devkitarm/bin/../lib/gcc/arm-none-eabi/10.2.0/../../../../arm-none-eabi/lib/armv6k/fpu\libg.a(lib_a-gdtoa-gethex.o)
                0x000000000015b560                __hexdig
 .rodata._jp2uc_l.str1.4
                0x000000000015b660       0x12 c:/devkitpro/devkitarm/bin/../lib/gcc/arm-none-eabi/10.2.0/../../../../arm-none-eabi/lib/armv6k/fpu\libg.a(lib_a-jp2uc.o)
 *fill*         0x000000000015b672        0x2 
 .rodata.a1     0x000000000015b674       0xbc c:/devkitpro/devkitarm/bin/../lib/gcc/arm-none-eabi/10.2.0/../../../../arm-none-eabi/lib/armv6k/fpu\libg.a(lib_a-jp2uc.o)
 .rodata.a2     0x000000000015b730       0xbc c:/devkitpro/devkitarm/bin/../lib/gcc/arm-none-eabi/10.2.0/../../../../arm-none-eabi/lib/armv6k/fpu\libg.a(lib_a-jp2uc.o)
 .rodata.a3     0x000000000015b7ec       0x5b c:/devkitpro/devkitarm/bin/../lib/gcc/arm-none-eabi/10.2.0/../../../../arm-none-eabi/lib/armv6k/fpu\libg.a(lib_a-jp2uc.o)
 *fill*         0x000000000015b847        0x1 
 .rodata.a6     0x000000000015b848       0x70 c:/devkitpro/devkitarm/bin/../lib/gcc/arm-none-eabi/10.2.0/../../../../arm-none-eabi/lib/armv6k/fpu\libg.a(lib_a-jp2uc.o)
 .rodata.a7     0x000000000015b8b8       0xa2 c:/devkitpro/devkitarm/bin/../lib/gcc/arm-none-eabi/10.2.0/../../../../arm-none-eabi/lib/armv6k/fpu\libg.a(lib_a-jp2uc.o)
 *fill*         0x000000000015b95a        0x2 
 .rodata.a8     0x000000000015b95c       0x40 c:/devkitpro/devkitarm/bin/../lib/gcc/arm-none-eabi/10.2.0/../../../../arm-none-eabi/lib/armv6k/fpu\libg.a(lib_a-jp2uc.o)
 .rodata.b02cf  0x000000000015b99c     0x172a c:/devkitpro/devkitarm/bin/../lib/gcc/arm-none-eabi/10.2.0/../../../../arm-none-eabi/lib/armv6k/fpu\libg.a(lib_a-jp2uc.o)
 *fill*         0x000000000015d0c6        0x2 
 .rodata.d02f4  0x000000000015d0c8     0x1a7c c:/devkitpro/devkitarm/bin/../lib/gcc/arm-none-eabi/10.2.0/../../../../arm-none-eabi/lib/armv6k/fpu\libg.a(lib_a-jp2uc.o)
 .rodata.str1.4
                0x000000000015eb44        0x5 c:/devkitpro/devkitarm/bin/../lib/gcc/arm-none-eabi/10.2.0/../../../../arm-none-eabi/lib/armv6k/fpu\libg.a(lib_a-lnumeric.o)
 .rodata._C_numeric_locale
                0x000000000015eb44        0xc c:/devkitpro/devkitarm/bin/../lib/gcc/arm-none-eabi/10.2.0/../../../../arm-none-eabi/lib/armv6k/fpu\libg.a(lib_a-lnumeric.o)
                0x000000000015eb44                _C_numeric_locale
 .rodata.categories
                0x000000000015eb50     0x31e6 c:/devkitpro/devkitarm/bin/../lib/gcc/arm-none-eabi/10.2.0/../../../../arm-none-eabi/lib/armv6k/fpu\libg.a(lib_a-categories.o)
 .rodata.AddDevice.str1.4
                0x0000000000161d36        0x8 c:/devkitpro/devkitarm/bin/../lib/gcc/arm-none-eabi/10.2.0/../../../../arm-none-eabi/lib/armv6k/fpu\libsysbase.a(iosupport.o)
 *fill*         0x0000000000161d36        0x2 
 .rodata.dotab_stdnull
                0x0000000000161d38       0x70 c:/devkitpro/devkitarm/bin/../lib/gcc/arm-none-eabi/10.2.0/../../../../arm-none-eabi/lib/armv6k/fpu\libsysbase.a(iosupport.o)
                0x0000000000161d38                dotab_stdnull
 *all.rodata*(*)
 *(.gnu.linkonce.r*)
                0x0000000000161da8                . = ALIGN (0x4)

.eh_frame       0x0000000000161da8        0x0
 .eh_frame      0x0000000000161da8        0x0 c:/devkitpro/devkitarm/bin/../lib/gcc/arm-none-eabi/10.2.0/armv6k/fpu/crtbegin.o

.rel.dyn        0x0000000000161da8        0x0
 .rel.iplt      0x0000000000161da8        0x0 c:/devkitpro/devkitarm/bin/../lib/gcc/arm-none-eabi/10.2.0/../../../../arm-none-eabi/lib/armv6k/fpu/3dsx_crt0.o